******************************************************************************
                  MSP430 Linker PC v18.1.4                     
******************************************************************************
>> Linked Sun Jun  9 05:36:08 2019

OUTPUT FILE NAME:   <TIMERA1_1_CONF.out>
ENTRY POINT SYMBOL: "_c_int00_noargs"  address: 0000f608


MEMORY CONFIGURATION

         name            origin    length      used     unused   attr    fill
----------------------  --------  ---------  --------  --------  ----  --------
  SFR                   00000000   00000010  00000000  00000010  RWIX
  PERIPHERALS_8BIT      00000010   000000f0  00000000  000000f0  RWIX
  PERIPHERALS_16BIT     00000100   00000100  00000000  00000100  RWIX
  RAM                   00000200   00000200  00000092  0000016e  RWIX
  INFOD                 00001000   00000040  00000000  00000040  RWIX
  INFOC                 00001040   00000040  00000000  00000040  RWIX
  INFOB                 00001080   00000040  00000000  00000040  RWIX
  INFOA                 000010c0   00000040  00000000  00000040  RWIX
  FLASH                 0000c000   00003fde  0000393c  000006a2  RWIX
  BSLSIGNATURE          0000ffde   00000002  00000002  00000000  RWIX  ffff 
  INT00                 0000ffe0   00000002  00000002  00000000  RWIX
  INT01                 0000ffe2   00000002  00000000  00000002  RWIX
  INT02                 0000ffe4   00000002  00000002  00000000  RWIX
  INT03                 0000ffe6   00000002  00000002  00000000  RWIX
  INT04                 0000ffe8   00000002  00000000  00000002  RWIX
  INT05                 0000ffea   00000002  00000002  00000000  RWIX
  INT06                 0000ffec   00000002  00000002  00000000  RWIX
  INT07                 0000ffee   00000002  00000002  00000000  RWIX
  INT08                 0000fff0   00000002  00000002  00000000  RWIX
  INT09                 0000fff2   00000002  00000002  00000000  RWIX
  INT10                 0000fff4   00000002  00000002  00000000  RWIX
  INT11                 0000fff6   00000002  00000002  00000000  RWIX
  INT12                 0000fff8   00000002  00000002  00000000  RWIX
  INT13                 0000fffa   00000002  00000002  00000000  RWIX
  INT14                 0000fffc   00000002  00000002  00000000  RWIX
  RESET                 0000fffe   00000002  00000002  00000000  RWIX


SECTION ALLOCATION MAP

 output                                  attributes/
section   page    origin      length       input sections
--------  ----  ----------  ----------   ----------------
.data      0    00000200    0000002a     UNINITIALIZED
                  00000200    00000027     main.obj (.data)
                  00000227    00000001     --HOLE--
                  00000228    00000002     rts430_eabi.lib : errno.c.obj (.data)

.bss       0    0000022a    00000018     UNINITIALIZED
                  0000022a    00000014     (.common:lista)
                  0000023e    00000001     (.common:choice)
                  0000023f    00000001     (.common:j)
                  00000240    00000001     (.common:k)
                  00000241    00000001     (.common:l)

.stack     0    000003b0    00000050     UNINITIALIZED
                  000003b0    00000002     rts430_eabi.lib : boot.c.obj (.stack)
                  000003b2    0000004e     --HOLE--

.text      0    0000c000    00003730     
                  0000c000    00001162     rts430_eabi.lib : e_pow.c.obj (.text:pow)
                  0000d162    00000478                     : frcdivd.c.obj (.text:__TI_frcdivd)
                  0000d5da    000002fa                     : addd.c.obj (.text:__mspabi_addd)
                  0000d8d4    000002f8                     : e_sqrt.c.obj (.text:sqrt)
                  0000dbcc    00000286                     : frcmpyd.c.obj (.text:__TI_frcmpyd)
                  0000de52    0000026e                     : mpyd.c.obj (.text:__mspabi_mpyd)
                  0000e0c0    00000260                     : frcaddd.c.obj (.text:__TI_frcaddd)
                  0000e320    00000238                     : divd.c.obj (.text:__mspabi_divd)
                  0000e558    000001f8     main.obj (.text:PID_INSERT)
                  0000e750    000001a6     main.obj (.text:TIMER1_A1_ISR)
                  0000e8f6    0000016a     rts430_eabi.lib : s_scalbn.c.obj (.text:scalbn)
                  0000ea60    00000132                     : fs_add.asm.obj (.text)
                  0000eb92    000000dc                     : cmpd.c.obj (.text:__mspabi_cmpd)
                  0000ec6e    000000c4                     : fs_mpy.asm.obj (.text)
                  0000ed32    000000be                     : renormd.c.obj (.text:__TI_renormd)
                  0000edf0    000000ac                     : fltlid.c.obj (.text:__mspabi_fltlid)
                  0000ee9c    0000009e     main.obj (.text:adc10_interrupt)
                  0000ef3a    0000009c     rts430_eabi.lib : fs_div.asm.obj (.text)
                  0000efd6    0000008c                     : cvtdf.c.obj (.text:__mspabi_cvtdf)
                  0000f062    0000008a                     : fltuld.c.obj (.text:__mspabi_fltuld)
                  0000f0ec    0000007c                     : copy_decompress_lzss.c.obj (.text:decompress:lzss:__TI_decompress_lzss)
                  0000f168    00000072                     : cvtfd.c.obj (.text:__mspabi_cvtfd)
                  0000f1da    00000068                     : fs_toi.asm.obj (.text)
                  0000f242    0000005c                     : lsr32.asm.obj (.text:l_lsr_const)
                  0000f29e    0000005a     main.obj (.text:main)
                  0000f2f8    0000004c     rts430_eabi.lib : lsr16.asm.obj (.text)
                  0000f344    0000004a                     : fs_cmp.asm.obj (.text)
                  0000f38e    00000046                     : fs_tou.asm.obj (.text)
                  0000f3d4    00000042                     : autoinit.c.obj (.text:__TI_auto_init_nobinit_nopinit:__TI_auto_init_nobinit_nopinit)
                  0000f416    0000003e                     : asr32.asm.obj (.text:l_asr_const)
                  0000f454    0000003e                     : lsl32.asm.obj (.text:l_lsl_const)
                  0000f492    0000002e     main.obj (.text:IO_CONFIGURATION)
                  0000f4c0    0000002e     rts430_eabi.lib : subd.c.obj (.text:__mspabi_subd)
                  0000f4ee    0000002e                     : s_copysign.c.obj (.text:copysign)
                  0000f51c    0000002c                     : asr16.asm.obj (.text)
                  0000f548    0000002c                     : lsl16.asm.obj (.text)
                  0000f574    0000002a                     : negd.c.obj (.text:__mspabi_negd)
                  0000f59e    00000026     USART_implement_me.obj (.text:USART_Init)
                  0000f5c4    00000026     rts430_eabi.lib : mult32.asm.obj (.text)
                  0000f5ea    0000001e     main.obj (.text:ADC_CONFIGURATION)
                  0000f608    0000001c     rts430_eabi.lib : boot.c.obj (.text:_c_int00_noargs)
                  0000f624    0000001a     main.obj (.text:TIMER_CONFIGURATION)
                  0000f63e    00000014     main.obj (.text:ISR_PARA_UART_RX)
                  0000f652    00000014     rts430_eabi.lib : copy_zero_init.c.obj (.text:decompress:ZI:__TI_zero_init_nomemset:__TI_zero_init_nomemset)
                  0000f666    00000014                     : mult16.asm.obj (.text)
                  0000f67a    00000012     USART_implement_me.obj (.text:USART_Transmit_String)
                  0000f68c    00000012     rts430_eabi.lib : copy_decompress_none.c.obj (.text:decompress:none:__TI_decompress_none)
                  0000f69e    00000012                     : lsr32.asm.obj (.text:l_lsr)
                  0000f6b0    00000012                     : memcpy.c.obj (.text:memcpy)
                  0000f6c2    00000010                     : asr32.asm.obj (.text:l_asr)
                  0000f6d2    00000010                     : lsl32.asm.obj (.text:l_lsl)
                  0000f6e2    00000010                     : epilog.asm.obj (.text)
                  0000f6f2    0000000c     USART_implement_me.obj (.text:USART_Receive_char)
                  0000f6fe    0000000c     USART_implement_me.obj (.text:USART_Transmit_char)
                  0000f70a    0000000c     rts430_eabi.lib : fltid.c.obj (.text:__mspabi_fltid)
                  0000f716    00000008                     : isr_trap.asm.obj (.text:_isr:__TI_ISR_TRAP)
                  0000f71e    00000006                     : fltud.c.obj (.text:__mspabi_fltud)
                  0000f724    00000006                     : exit.c.obj (.text:abort)
                  0000f72a    00000004                     : pre_init.c.obj (.text:_system_pre_init)
                  0000f72e    00000002                     : startup.c.obj (.text:_system_post_cinit)

.const     0    0000f730    000001f2     
                  0000f730    000001c2     main.obj (.const:.string)
                  0000f8f2    00000010     rts430_eabi.lib : e_pow.c.obj (.const:bp)
                  0000f902    00000010                     : e_pow.c.obj (.const:dp_h)
                  0000f912    00000010                     : e_pow.c.obj (.const:dp_l)

.cinit     0    0000f922    0000001a     
                  0000f922    00000008     (.cinit..data.load) [load image, compression = lzss]
                  0000f92a    00000006     (__TI_handler_table)
                  0000f930    00000004     (.cinit..bss.load) [load image, compression = zero_init]
                  0000f934    00000008     (__TI_cinit_table)

.binit     0    0000c000    00000000     

.init_array 
*          0    0000c000    00000000     UNINITIALIZED

TRAPINT    0    0000ffe0    00000002     
                  0000ffe0    00000002     rts430_eabi.lib : int00.asm.obj (.int00)

PORT1      0    0000ffe4    00000002     
                  0000ffe4    00000002     rts430_eabi.lib : int02.asm.obj (.int02)

PORT2      0    0000ffe6    00000002     
                  0000ffe6    00000002     rts430_eabi.lib : int03.asm.obj (.int03)

ADC10      0    0000ffea    00000002     
                  0000ffea    00000002     main.obj (.int05)

USCIAB0TX 
*          0    0000ffec    00000002     
                  0000ffec    00000002     rts430_eabi.lib : int06.asm.obj (.int06)

USCIAB0RX 
*          0    0000ffee    00000002     
                  0000ffee    00000002     main.obj (.int07)

TIMER0_A1 
*          0    0000fff0    00000002     
                  0000fff0    00000002     rts430_eabi.lib : int08.asm.obj (.int08)

TIMER0_A0 
*          0    0000fff2    00000002     
                  0000fff2    00000002     rts430_eabi.lib : int09.asm.obj (.int09)

WDT        0    0000fff4    00000002     
                  0000fff4    00000002     rts430_eabi.lib : int10.asm.obj (.int10)

COMPARATORA 
*          0    0000fff6    00000002     
                  0000fff6    00000002     rts430_eabi.lib : int11.asm.obj (.int11)

TIMER1_A1 
*          0    0000fff8    00000002     
                  0000fff8    00000002     main.obj (.int12)

TIMER1_A0 
*          0    0000fffa    00000002     
                  0000fffa    00000002     rts430_eabi.lib : int13.asm.obj (.int13)

NMI        0    0000fffc    00000002     
                  0000fffc    00000002     rts430_eabi.lib : int14.asm.obj (.int14)

.reset     0    0000fffe    00000002     
                  0000fffe    00000002     rts430_eabi.lib : boot.c.obj (.reset)

$fill000   0    0000ffde    00000002     
                  0000ffde    00000002     --HOLE-- [fill = ffff]

MODULE SUMMARY

       Module                       code    ro data   rw data
       ------                       ----    -------   -------
    .\
       main.obj                     1296    456       63     
    +--+----------------------------+-------+---------+---------+
       Total:                       1296    456       63     
                                                             
    .\USART\
       USART_implement_me.obj       80      0         0      
    +--+----------------------------+-------+---------+---------+
       Total:                       80      0         0      
                                                             
    C:\ti\ccsv8\tools\compiler\ti-cgt-msp430_18.1.4.LTS\lib\rts430_eabi.lib
       e_pow.c.obj                  4450    48        0      
       frcdivd.c.obj                1144    0         0      
       addd.c.obj                   762     0         0      
       e_sqrt.c.obj                 760     0         0      
       frcmpyd.c.obj                646     0         0      
       mpyd.c.obj                   622     0         0      
       frcaddd.c.obj                608     0         0      
       divd.c.obj                   568     0         0      
       s_scalbn.c.obj               362     0         0      
       fs_add.asm.obj               306     0         0      
       cmpd.c.obj                   220     0         0      
       fs_mpy.asm.obj               196     0         0      
       renormd.c.obj                190     0         0      
       fltlid.c.obj                 172     0         0      
       fs_div.asm.obj               156     0         0      
       cvtdf.c.obj                  140     0         0      
       fltuld.c.obj                 138     0         0      
       copy_decompress_lzss.c.obj   124     0         0      
       cvtfd.c.obj                  114     0         0      
       lsr32.asm.obj                110     0         0      
       fs_toi.asm.obj               104     0         0      
       asr32.asm.obj                78      0         0      
       lsl32.asm.obj                78      0         0      
       lsr16.asm.obj                76      0         0      
       fs_cmp.asm.obj               74      0         0      
       fs_tou.asm.obj               70      0         0      
       autoinit.c.obj               66      0         0      
       s_copysign.c.obj             46      0         0      
       subd.c.obj                   46      0         0      
       asr16.asm.obj                44      0         0      
       lsl16.asm.obj                44      0         0      
       negd.c.obj                   42      0         0      
       mult32.asm.obj               38      0         0      
       boot.c.obj                   28      2         0      
       copy_zero_init.c.obj         20      0         0      
       mult16.asm.obj               20      0         0      
       copy_decompress_none.c.obj   18      0         0      
       memcpy.c.obj                 18      0         0      
       epilog.asm.obj               16      0         0      
       fltid.c.obj                  12      0         0      
       isr_trap.asm.obj             8       0         0      
       exit.c.obj                   6       0         0      
       fltud.c.obj                  6       0         0      
       pre_init.c.obj               4       0         0      
       errno.c.obj                  0       0         2      
       int00.asm.obj                0       2         0      
       int02.asm.obj                0       2         0      
       int03.asm.obj                0       2         0      
       int06.asm.obj                0       2         0      
       int08.asm.obj                0       2         0      
       int09.asm.obj                0       2         0      
       int10.asm.obj                0       2         0      
       int11.asm.obj                0       2         0      
       int13.asm.obj                0       2         0      
       int14.asm.obj                0       2         0      
       startup.c.obj                2       0         0      
    +--+----------------------------+-------+---------+---------+
       Total:                       12752   70        2      
                                                             
       Stack:                       0       0         80     
       Linker Generated:            0       26        0      
    +--+----------------------------+-------+---------+---------+
       Grand Total:                 14128   552       145    


LINKER GENERATED COPY TABLES

__TI_cinit_table @ 0000f934 records: 2, size/record: 4, table size: 8
	.data: load addr=0000f922, load size=00000008 bytes, run addr=00000200, run size=0000002a bytes, compression=lzss
	.bss: load addr=0000f930, load size=00000004 bytes, run addr=0000022a, run size=00000018 bytes, compression=zero_init


LINKER GENERATED HANDLER TABLE

__TI_handler_table @ 0000f92a records: 3, size/record: 2, table size: 6
	index: 0, handler: __TI_zero_init
	index: 1, handler: __TI_decompress_lzss
	index: 2, handler: __TI_decompress_none


GLOBAL SYMBOLS: SORTED ALPHABETICALLY BY Name 

address   name                          
-------   ----                          
0000004a  ADC10AE0                      
000001b0  ADC10CTL0                     
000001b2  ADC10CTL1                     
00000048  ADC10DTC0                     
00000049  ADC10DTC1                     
000001b4  ADC10MEM                      
000001bc  ADC10SA                       
0000f5ea  ADC_CONFIGURATION             
00000057  BCSCTL1                       
00000058  BCSCTL2                       
00000053  BCSCTL3                       
0000f724  C$$EXIT                       
00000059  CACTL1                        
0000005a  CACTL2                        
000010fb  CALBC1_12MHZ                  
000010f9  CALBC1_16MHZ                  
000010ff  CALBC1_1MHZ                   
000010fd  CALBC1_8MHZ                   
000010fa  CALDCO_12MHZ                  
000010f8  CALDCO_16MHZ                  
000010fe  CALDCO_1MHZ                   
000010fc  CALDCO_8MHZ                   
0000005b  CAPD                          
00000056  DCOCTL                        
00000226  ESTADO_WHILE                  
00000128  FCTL1                         
0000012a  FCTL2                         
0000012c  FCTL3                         
00000000  IE1                           
00000001  IE2                           
00000002  IFG1                          
00000003  IFG2                          
0000f492  IO_CONFIGURATION              
0000f63e  ISR_PARA_UART_RX              
00000022  P1DIR                         
00000025  P1IE                          
00000024  P1IES                         
00000023  P1IFG                         
00000020  P1IN                          
00000021  P1OUT                         
00000027  P1REN                         
00000026  P1SEL                         
00000041  P1SEL2                        
0000002a  P2DIR                         
0000002d  P2IE                          
0000002c  P2IES                         
0000002b  P2IFG                         
00000028  P2IN                          
00000029  P2OUT                         
0000002f  P2REN                         
0000002e  P2SEL                         
00000042  P2SEL2                        
0000001a  P3DIR                         
00000018  P3IN                          
00000019  P3OUT                         
00000010  P3REN                         
0000001b  P3SEL                         
00000043  P3SEL2                        
0000e558  PID_INSERT                    
00000172  TA0CCR0                       
00000174  TA0CCR1                       
00000176  TA0CCR2                       
00000162  TA0CCTL0                      
00000164  TA0CCTL1                      
00000166  TA0CCTL2                      
00000160  TA0CTL                        
0000012e  TA0IV                         
00000170  TA0R                          
00000192  TA1CCR0                       
00000194  TA1CCR1                       
00000196  TA1CCR2                       
00000182  TA1CCTL0                      
00000184  TA1CCTL1                      
00000186  TA1CCTL2                      
00000180  TA1CTL                        
0000011e  TA1IV                         
00000190  TA1R                          
0000e750  TIMER1_A1_ISR                 
0000f624  TIMER_CONFIGURATION           
000010db  TLV_ADC10_1_LEN               
000010da  TLV_ADC10_1_TAG               
000010c0  TLV_CHECKSUM                  
000010f7  TLV_DCO_30_LEN                
000010f6  TLV_DCO_30_TAG                
0000005d  UCA0ABCTL                     
00000062  UCA0BR0                       
00000063  UCA0BR1                       
00000060  UCA0CTL0                      
00000061  UCA0CTL1                      
0000005f  UCA0IRRCTL                    
0000005e  UCA0IRTCTL                    
00000064  UCA0MCTL                      
00000066  UCA0RXBUF                     
00000065  UCA0STAT                      
00000067  UCA0TXBUF                     
0000006a  UCB0BR0                       
0000006b  UCB0BR1                       
00000068  UCB0CTL0                      
00000069  UCB0CTL1                      
0000006c  UCB0I2CIE                     
00000118  UCB0I2COA                     
0000011a  UCB0I2CSA                     
0000006e  UCB0RXBUF                     
0000006d  UCB0STAT                      
0000006f  UCB0TXBUF                     
0000f59e  USART_Init                    
0000f6f2  USART_Receive_char            
0000f67a  USART_Transmit_String         
0000f6fe  USART_Transmit_char           
00000120  WDTCTL                        
00000400  __STACK_END                   
00000050  __STACK_SIZE                  
0000f934  __TI_CINIT_Base               
0000f93c  __TI_CINIT_Limit              
0000f92a  __TI_Handler_Table_Base       
0000f930  __TI_Handler_Table_Limit      
0000f716  __TI_ISR_TRAP                 
0000f3d4  __TI_auto_init_nobinit_nopinit
0000f0ec  __TI_decompress_lzss          
0000f68c  __TI_decompress_none          
0000e0c0  __TI_frcaddd                  
0000d162  __TI_frcdivd                  
0000dbcc  __TI_frcmpyd                  
0000ffe0  __TI_int00                    
0000ffe4  __TI_int02                    
0000ffe6  __TI_int03                    
0000ffea  __TI_int05                    
0000ffec  __TI_int06                    
0000ffee  __TI_int07                    
0000fff0  __TI_int08                    
0000fff2  __TI_int09                    
0000fff4  __TI_int10                    
0000fff6  __TI_int11                    
0000fff8  __TI_int12                    
0000fffa  __TI_int13                    
0000fffc  __TI_int14                    
ffffffff  __TI_pprof_out_hndl           
ffffffff  __TI_prof_data_size           
ffffffff  __TI_prof_data_start          
0000ed32  __TI_renormd                  
0000f652  __TI_zero_init_nomemset       
ffffffff  __c_args__                    
0000d5da  __mspabi_addd                 
0000ea66  __mspabi_addf                 
0000eb92  __mspabi_cmpd                 
0000f344  __mspabi_cmpf                 
0000efd6  __mspabi_cvtdf                
0000f168  __mspabi_cvtfd                
0000e320  __mspabi_divd                 
0000ef3a  __mspabi_divf                 
0000f1da  __mspabi_fixfi                
0000f38e  __mspabi_fixfu                
0000f70a  __mspabi_fltid                
0000edf0  __mspabi_fltlid               
0000f71e  __mspabi_fltud                
0000f062  __mspabi_fltuld               
0000f6ee  __mspabi_func_epilog_1        
0000f6ec  __mspabi_func_epilog_2        
0000f6ea  __mspabi_func_epilog_3        
0000f6e8  __mspabi_func_epilog_4        
0000f6e6  __mspabi_func_epilog_5        
0000f6e4  __mspabi_func_epilog_6        
0000f6e2  __mspabi_func_epilog_7        
0000de52  __mspabi_mpyd                 
0000ec6e  __mspabi_mpyf                 
0000f666  __mspabi_mpyi                 
0000f666  __mspabi_mpyi_sw              
0000f5c4  __mspabi_mpyl                 
0000f5c4  __mspabi_mpyl_sw              
0000f574  __mspabi_negd                 
0000f548  __mspabi_slli                 
0000f570  __mspabi_slli_1               
0000f55e  __mspabi_slli_10              
0000f55c  __mspabi_slli_11              
0000f55a  __mspabi_slli_12              
0000f558  __mspabi_slli_13              
0000f556  __mspabi_slli_14              
0000f554  __mspabi_slli_15              
0000f56e  __mspabi_slli_2               
0000f56c  __mspabi_slli_3               
0000f56a  __mspabi_slli_4               
0000f568  __mspabi_slli_5               
0000f566  __mspabi_slli_6               
0000f564  __mspabi_slli_7               
0000f562  __mspabi_slli_8               
0000f560  __mspabi_slli_9               
0000f6d2  __mspabi_slll                 
0000f48c  __mspabi_slll_1               
0000f468  __mspabi_slll_10              
0000f464  __mspabi_slll_11              
0000f460  __mspabi_slll_12              
0000f45c  __mspabi_slll_13              
0000f458  __mspabi_slll_14              
0000f454  __mspabi_slll_15              
0000f488  __mspabi_slll_2               
0000f484  __mspabi_slll_3               
0000f480  __mspabi_slll_4               
0000f47c  __mspabi_slll_5               
0000f478  __mspabi_slll_6               
0000f474  __mspabi_slll_7               
0000f470  __mspabi_slll_8               
0000f46c  __mspabi_slll_9               
0000f51c  __mspabi_srai                 
0000f544  __mspabi_srai_1               
0000f532  __mspabi_srai_10              
0000f530  __mspabi_srai_11              
0000f52e  __mspabi_srai_12              
0000f52c  __mspabi_srai_13              
0000f52a  __mspabi_srai_14              
0000f528  __mspabi_srai_15              
0000f542  __mspabi_srai_2               
0000f540  __mspabi_srai_3               
0000f53e  __mspabi_srai_4               
0000f53c  __mspabi_srai_5               
0000f53a  __mspabi_srai_6               
0000f538  __mspabi_srai_7               
0000f536  __mspabi_srai_8               
0000f534  __mspabi_srai_9               
0000f6c2  __mspabi_sral                 
0000f44e  __mspabi_sral_1               
0000f42a  __mspabi_sral_10              
0000f426  __mspabi_sral_11              
0000f422  __mspabi_sral_12              
0000f41e  __mspabi_sral_13              
0000f41a  __mspabi_sral_14              
0000f416  __mspabi_sral_15              
0000f44a  __mspabi_sral_2               
0000f446  __mspabi_sral_3               
0000f442  __mspabi_sral_4               
0000f43e  __mspabi_sral_5               
0000f43a  __mspabi_sral_6               
0000f436  __mspabi_sral_7               
0000f432  __mspabi_sral_8               
0000f42e  __mspabi_sral_9               
0000f2f8  __mspabi_srli                 
0000f33e  __mspabi_srli_1               
0000f31a  __mspabi_srli_10              
0000f316  __mspabi_srli_11              
0000f312  __mspabi_srli_12              
0000f30e  __mspabi_srli_13              
0000f30a  __mspabi_srli_14              
0000f306  __mspabi_srli_15              
0000f33a  __mspabi_srli_2               
0000f336  __mspabi_srli_3               
0000f332  __mspabi_srli_4               
0000f32e  __mspabi_srli_5               
0000f32a  __mspabi_srli_6               
0000f326  __mspabi_srli_7               
0000f322  __mspabi_srli_8               
0000f31e  __mspabi_srli_9               
0000f69e  __mspabi_srll                 
0000f296  __mspabi_srll_1               
0000f260  __mspabi_srll_10              
0000f25a  __mspabi_srll_11              
0000f254  __mspabi_srll_12              
0000f24e  __mspabi_srll_13              
0000f248  __mspabi_srll_14              
0000f242  __mspabi_srll_15              
0000f290  __mspabi_srll_2               
0000f28a  __mspabi_srll_3               
0000f284  __mspabi_srll_4               
0000f27e  __mspabi_srll_5               
0000f278  __mspabi_srll_6               
0000f272  __mspabi_srll_7               
0000f26c  __mspabi_srll_8               
0000f266  __mspabi_srll_9               
0000f4c0  __mspabi_subd                 
0000ea60  __mspabi_subf                 
0000f608  _c_int00_noargs               
0000fffe  _reset_vector                 
000003b0  _stack                        
0000f72e  _system_post_cinit            
0000f72a  _system_pre_init              
0000f724  abort                         
0000ee9c  adc10_interrupt               
0000023e  choice                        
0000f4ee  copysign                      
0000f4ee  copysignl                     
00000214  duty                          
00000228  errno                         
00000210  integral                      
0000023f  j                             
00000240  k                             
00000208  k_i                           
00000200  k_p                           
00000241  l                             
0000e8f6  ldexp                         
0000e8f6  ldexpl                        
0000022a  lista                         
0000f29e  main                          
0000f6b0  memcpy                        
00000218  pos                           
0000c000  pow                           
0000c000  powl                          
0000e8f6  scalbn                        
0000e8f6  scalbnl                       
0000021a  set                           
0000d8d4  sqrt                          
0000d8d4  sqrtl                         
00000222  voltaje                       


GLOBAL SYMBOLS: SORTED BY Symbol Address 

address   name                          
-------   ----                          
00000000  IE1                           
00000001  IE2                           
00000002  IFG1                          
00000003  IFG2                          
00000010  P3REN                         
00000018  P3IN                          
00000019  P3OUT                         
0000001a  P3DIR                         
0000001b  P3SEL                         
00000020  P1IN                          
00000021  P1OUT                         
00000022  P1DIR                         
00000023  P1IFG                         
00000024  P1IES                         
00000025  P1IE                          
00000026  P1SEL                         
00000027  P1REN                         
00000028  P2IN                          
00000029  P2OUT                         
0000002a  P2DIR                         
0000002b  P2IFG                         
0000002c  P2IES                         
0000002d  P2IE                          
0000002e  P2SEL                         
0000002f  P2REN                         
00000041  P1SEL2                        
00000042  P2SEL2                        
00000043  P3SEL2                        
00000048  ADC10DTC0                     
00000049  ADC10DTC1                     
0000004a  ADC10AE0                      
00000050  __STACK_SIZE                  
00000053  BCSCTL3                       
00000056  DCOCTL                        
00000057  BCSCTL1                       
00000058  BCSCTL2                       
00000059  CACTL1                        
0000005a  CACTL2                        
0000005b  CAPD                          
0000005d  UCA0ABCTL                     
0000005e  UCA0IRTCTL                    
0000005f  UCA0IRRCTL                    
00000060  UCA0CTL0                      
00000061  UCA0CTL1                      
00000062  UCA0BR0                       
00000063  UCA0BR1                       
00000064  UCA0MCTL                      
00000065  UCA0STAT                      
00000066  UCA0RXBUF                     
00000067  UCA0TXBUF                     
00000068  UCB0CTL0                      
00000069  UCB0CTL1                      
0000006a  UCB0BR0                       
0000006b  UCB0BR1                       
0000006c  UCB0I2CIE                     
0000006d  UCB0STAT                      
0000006e  UCB0RXBUF                     
0000006f  UCB0TXBUF                     
00000118  UCB0I2COA                     
0000011a  UCB0I2CSA                     
0000011e  TA1IV                         
00000120  WDTCTL                        
00000128  FCTL1                         
0000012a  FCTL2                         
0000012c  FCTL3                         
0000012e  TA0IV                         
00000160  TA0CTL                        
00000162  TA0CCTL0                      
00000164  TA0CCTL1                      
00000166  TA0CCTL2                      
00000170  TA0R                          
00000172  TA0CCR0                       
00000174  TA0CCR1                       
00000176  TA0CCR2                       
00000180  TA1CTL                        
00000182  TA1CCTL0                      
00000184  TA1CCTL1                      
00000186  TA1CCTL2                      
00000190  TA1R                          
00000192  TA1CCR0                       
00000194  TA1CCR1                       
00000196  TA1CCR2                       
000001b0  ADC10CTL0                     
000001b2  ADC10CTL1                     
000001b4  ADC10MEM                      
000001bc  ADC10SA                       
00000200  k_p                           
00000208  k_i                           
00000210  integral                      
00000214  duty                          
00000218  pos                           
0000021a  set                           
00000222  voltaje                       
00000226  ESTADO_WHILE                  
00000228  errno                         
0000022a  lista                         
0000023e  choice                        
0000023f  j                             
00000240  k                             
00000241  l                             
000003b0  _stack                        
00000400  __STACK_END                   
000010c0  TLV_CHECKSUM                  
000010da  TLV_ADC10_1_TAG               
000010db  TLV_ADC10_1_LEN               
000010f6  TLV_DCO_30_TAG                
000010f7  TLV_DCO_30_LEN                
000010f8  CALDCO_16MHZ                  
000010f9  CALBC1_16MHZ                  
000010fa  CALDCO_12MHZ                  
000010fb  CALBC1_12MHZ                  
000010fc  CALDCO_8MHZ                   
000010fd  CALBC1_8MHZ                   
000010fe  CALDCO_1MHZ                   
000010ff  CALBC1_1MHZ                   
0000c000  pow                           
0000c000  powl                          
0000d162  __TI_frcdivd                  
0000d5da  __mspabi_addd                 
0000d8d4  sqrt                          
0000d8d4  sqrtl                         
0000dbcc  __TI_frcmpyd                  
0000de52  __mspabi_mpyd                 
0000e0c0  __TI_frcaddd                  
0000e320  __mspabi_divd                 
0000e558  PID_INSERT                    
0000e750  TIMER1_A1_ISR                 
0000e8f6  ldexp                         
0000e8f6  ldexpl                        
0000e8f6  scalbn                        
0000e8f6  scalbnl                       
0000ea60  __mspabi_subf                 
0000ea66  __mspabi_addf                 
0000eb92  __mspabi_cmpd                 
0000ec6e  __mspabi_mpyf                 
0000ed32  __TI_renormd                  
0000edf0  __mspabi_fltlid               
0000ee9c  adc10_interrupt               
0000ef3a  __mspabi_divf                 
0000efd6  __mspabi_cvtdf                
0000f062  __mspabi_fltuld               
0000f0ec  __TI_decompress_lzss          
0000f168  __mspabi_cvtfd                
0000f1da  __mspabi_fixfi                
0000f242  __mspabi_srll_15              
0000f248  __mspabi_srll_14              
0000f24e  __mspabi_srll_13              
0000f254  __mspabi_srll_12              
0000f25a  __mspabi_srll_11              
0000f260  __mspabi_srll_10              
0000f266  __mspabi_srll_9               
0000f26c  __mspabi_srll_8               
0000f272  __mspabi_srll_7               
0000f278  __mspabi_srll_6               
0000f27e  __mspabi_srll_5               
0000f284  __mspabi_srll_4               
0000f28a  __mspabi_srll_3               
0000f290  __mspabi_srll_2               
0000f296  __mspabi_srll_1               
0000f29e  main                          
0000f2f8  __mspabi_srli                 
0000f306  __mspabi_srli_15              
0000f30a  __mspabi_srli_14              
0000f30e  __mspabi_srli_13              
0000f312  __mspabi_srli_12              
0000f316  __mspabi_srli_11              
0000f31a  __mspabi_srli_10              
0000f31e  __mspabi_srli_9               
0000f322  __mspabi_srli_8               
0000f326  __mspabi_srli_7               
0000f32a  __mspabi_srli_6               
0000f32e  __mspabi_srli_5               
0000f332  __mspabi_srli_4               
0000f336  __mspabi_srli_3               
0000f33a  __mspabi_srli_2               
0000f33e  __mspabi_srli_1               
0000f344  __mspabi_cmpf                 
0000f38e  __mspabi_fixfu                
0000f3d4  __TI_auto_init_nobinit_nopinit
0000f416  __mspabi_sral_15              
0000f41a  __mspabi_sral_14              
0000f41e  __mspabi_sral_13              
0000f422  __mspabi_sral_12              
0000f426  __mspabi_sral_11              
0000f42a  __mspabi_sral_10              
0000f42e  __mspabi_sral_9               
0000f432  __mspabi_sral_8               
0000f436  __mspabi_sral_7               
0000f43a  __mspabi_sral_6               
0000f43e  __mspabi_sral_5               
0000f442  __mspabi_sral_4               
0000f446  __mspabi_sral_3               
0000f44a  __mspabi_sral_2               
0000f44e  __mspabi_sral_1               
0000f454  __mspabi_slll_15              
0000f458  __mspabi_slll_14              
0000f45c  __mspabi_slll_13              
0000f460  __mspabi_slll_12              
0000f464  __mspabi_slll_11              
0000f468  __mspabi_slll_10              
0000f46c  __mspabi_slll_9               
0000f470  __mspabi_slll_8               
0000f474  __mspabi_slll_7               
0000f478  __mspabi_slll_6               
0000f47c  __mspabi_slll_5               
0000f480  __mspabi_slll_4               
0000f484  __mspabi_slll_3               
0000f488  __mspabi_slll_2               
0000f48c  __mspabi_slll_1               
0000f492  IO_CONFIGURATION              
0000f4c0  __mspabi_subd                 
0000f4ee  copysign                      
0000f4ee  copysignl                     
0000f51c  __mspabi_srai                 
0000f528  __mspabi_srai_15              
0000f52a  __mspabi_srai_14              
0000f52c  __mspabi_srai_13              
0000f52e  __mspabi_srai_12              
0000f530  __mspabi_srai_11              
0000f532  __mspabi_srai_10              
0000f534  __mspabi_srai_9               
0000f536  __mspabi_srai_8               
0000f538  __mspabi_srai_7               
0000f53a  __mspabi_srai_6               
0000f53c  __mspabi_srai_5               
0000f53e  __mspabi_srai_4               
0000f540  __mspabi_srai_3               
0000f542  __mspabi_srai_2               
0000f544  __mspabi_srai_1               
0000f548  __mspabi_slli                 
0000f554  __mspabi_slli_15              
0000f556  __mspabi_slli_14              
0000f558  __mspabi_slli_13              
0000f55a  __mspabi_slli_12              
0000f55c  __mspabi_slli_11              
0000f55e  __mspabi_slli_10              
0000f560  __mspabi_slli_9               
0000f562  __mspabi_slli_8               
0000f564  __mspabi_slli_7               
0000f566  __mspabi_slli_6               
0000f568  __mspabi_slli_5               
0000f56a  __mspabi_slli_4               
0000f56c  __mspabi_slli_3               
0000f56e  __mspabi_slli_2               
0000f570  __mspabi_slli_1               
0000f574  __mspabi_negd                 
0000f59e  USART_Init                    
0000f5c4  __mspabi_mpyl                 
0000f5c4  __mspabi_mpyl_sw              
0000f5ea  ADC_CONFIGURATION             
0000f608  _c_int00_noargs               
0000f624  TIMER_CONFIGURATION           
0000f63e  ISR_PARA_UART_RX              
0000f652  __TI_zero_init_nomemset       
0000f666  __mspabi_mpyi                 
0000f666  __mspabi_mpyi_sw              
0000f67a  USART_Transmit_String         
0000f68c  __TI_decompress_none          
0000f69e  __mspabi_srll                 
0000f6b0  memcpy                        
0000f6c2  __mspabi_sral                 
0000f6d2  __mspabi_slll                 
0000f6e2  __mspabi_func_epilog_7        
0000f6e4  __mspabi_func_epilog_6        
0000f6e6  __mspabi_func_epilog_5        
0000f6e8  __mspabi_func_epilog_4        
0000f6ea  __mspabi_func_epilog_3        
0000f6ec  __mspabi_func_epilog_2        
0000f6ee  __mspabi_func_epilog_1        
0000f6f2  USART_Receive_char            
0000f6fe  USART_Transmit_char           
0000f70a  __mspabi_fltid                
0000f716  __TI_ISR_TRAP                 
0000f71e  __mspabi_fltud                
0000f724  C$$EXIT                       
0000f724  abort                         
0000f72a  _system_pre_init              
0000f72e  _system_post_cinit            
0000f92a  __TI_Handler_Table_Base       
0000f930  __TI_Handler_Table_Limit      
0000f934  __TI_CINIT_Base               
0000f93c  __TI_CINIT_Limit              
0000ffe0  __TI_int00                    
0000ffe4  __TI_int02                    
0000ffe6  __TI_int03                    
0000ffea  __TI_int05                    
0000ffec  __TI_int06                    
0000ffee  __TI_int07                    
0000fff0  __TI_int08                    
0000fff2  __TI_int09                    
0000fff4  __TI_int10                    
0000fff6  __TI_int11                    
0000fff8  __TI_int12                    
0000fffa  __TI_int13                    
0000fffc  __TI_int14                    
0000fffe  _reset_vector                 
ffffffff  __TI_pprof_out_hndl           
ffffffff  __TI_prof_data_size           
ffffffff  __TI_prof_data_start          
ffffffff  __c_args__                    

[300 symbols]
