<?xml version="1.0" encoding="ISO-8859-1" ?>
<link_info>
   <banner>MSP430 Linker PC v18.1.4.LTS</banner>
   <copyright>Copyright (c) 2003-2018 Texas Instruments Incorporated</copyright>
   <link_time>0x5cfcd308</link_time>
   <link_errors>0x0</link_errors>
   <output_file>TIMERA1_1_CONF.out</output_file>
   <entry_point>
      <name>_c_int00_noargs</name>
      <address>0xf608</address>
   </entry_point>
   <input_file_list>
      <input_file id="fl-2">
         <path>.\</path>
         <kind>object</kind>
         <file>main.obj</file>
         <name>main.obj</name>
      </input_file>
      <input_file id="fl-3">
         <path>.\USART\</path>
         <kind>object</kind>
         <file>USART_implement_me.obj</file>
         <name>USART_implement_me.obj</name>
      </input_file>
      <input_file id="fl-8">
         <kind>object</kind>
         <file>&lt;internal&gt;</file>
         <name>&lt;internal&gt;</name>
      </input_file>
      <input_file id="fl-1e">
         <path>C:\ti\ccsv8\tools\compiler\ti-cgt-msp430_18.1.4.LTS\lib\</path>
         <kind>archive</kind>
         <file>rts430_eabi.lib</file>
         <name>e_pow.c.obj</name>
      </input_file>
      <input_file id="fl-1f">
         <path>C:\ti\ccsv8\tools\compiler\ti-cgt-msp430_18.1.4.LTS\lib\</path>
         <kind>archive</kind>
         <file>rts430_eabi.lib</file>
         <name>e_sqrt.c.obj</name>
      </input_file>
      <input_file id="fl-20">
         <path>C:\ti\ccsv8\tools\compiler\ti-cgt-msp430_18.1.4.LTS\lib\</path>
         <kind>archive</kind>
         <file>rts430_eabi.lib</file>
         <name>s_scalbn.c.obj</name>
      </input_file>
      <input_file id="fl-21">
         <path>C:\ti\ccsv8\tools\compiler\ti-cgt-msp430_18.1.4.LTS\lib\</path>
         <kind>archive</kind>
         <file>rts430_eabi.lib</file>
         <name>s_copysign.c.obj</name>
      </input_file>
      <input_file id="fl-22">
         <path>C:\ti\ccsv8\tools\compiler\ti-cgt-msp430_18.1.4.LTS\lib\</path>
         <kind>archive</kind>
         <file>rts430_eabi.lib</file>
         <name>asr16.asm.obj</name>
      </input_file>
      <input_file id="fl-23">
         <path>C:\ti\ccsv8\tools\compiler\ti-cgt-msp430_18.1.4.LTS\lib\</path>
         <kind>archive</kind>
         <file>rts430_eabi.lib</file>
         <name>asr32.asm.obj</name>
      </input_file>
      <input_file id="fl-24">
         <path>C:\ti\ccsv8\tools\compiler\ti-cgt-msp430_18.1.4.LTS\lib\</path>
         <kind>archive</kind>
         <file>rts430_eabi.lib</file>
         <name>epilog.asm.obj</name>
      </input_file>
      <input_file id="fl-25">
         <path>C:\ti\ccsv8\tools\compiler\ti-cgt-msp430_18.1.4.LTS\lib\</path>
         <kind>archive</kind>
         <file>rts430_eabi.lib</file>
         <name>fs_add.asm.obj</name>
      </input_file>
      <input_file id="fl-26">
         <path>C:\ti\ccsv8\tools\compiler\ti-cgt-msp430_18.1.4.LTS\lib\</path>
         <kind>archive</kind>
         <file>rts430_eabi.lib</file>
         <name>fs_cmp.asm.obj</name>
      </input_file>
      <input_file id="fl-27">
         <path>C:\ti\ccsv8\tools\compiler\ti-cgt-msp430_18.1.4.LTS\lib\</path>
         <kind>archive</kind>
         <file>rts430_eabi.lib</file>
         <name>fs_div.asm.obj</name>
      </input_file>
      <input_file id="fl-28">
         <path>C:\ti\ccsv8\tools\compiler\ti-cgt-msp430_18.1.4.LTS\lib\</path>
         <kind>archive</kind>
         <file>rts430_eabi.lib</file>
         <name>fs_mpy.asm.obj</name>
      </input_file>
      <input_file id="fl-29">
         <path>C:\ti\ccsv8\tools\compiler\ti-cgt-msp430_18.1.4.LTS\lib\</path>
         <kind>archive</kind>
         <file>rts430_eabi.lib</file>
         <name>fs_toi.asm.obj</name>
      </input_file>
      <input_file id="fl-2a">
         <path>C:\ti\ccsv8\tools\compiler\ti-cgt-msp430_18.1.4.LTS\lib\</path>
         <kind>archive</kind>
         <file>rts430_eabi.lib</file>
         <name>fs_tou.asm.obj</name>
      </input_file>
      <input_file id="fl-2b">
         <path>C:\ti\ccsv8\tools\compiler\ti-cgt-msp430_18.1.4.LTS\lib\</path>
         <kind>archive</kind>
         <file>rts430_eabi.lib</file>
         <name>int00.asm.obj</name>
      </input_file>
      <input_file id="fl-2c">
         <path>C:\ti\ccsv8\tools\compiler\ti-cgt-msp430_18.1.4.LTS\lib\</path>
         <kind>archive</kind>
         <file>rts430_eabi.lib</file>
         <name>int02.asm.obj</name>
      </input_file>
      <input_file id="fl-2d">
         <path>C:\ti\ccsv8\tools\compiler\ti-cgt-msp430_18.1.4.LTS\lib\</path>
         <kind>archive</kind>
         <file>rts430_eabi.lib</file>
         <name>int03.asm.obj</name>
      </input_file>
      <input_file id="fl-2e">
         <path>C:\ti\ccsv8\tools\compiler\ti-cgt-msp430_18.1.4.LTS\lib\</path>
         <kind>archive</kind>
         <file>rts430_eabi.lib</file>
         <name>int06.asm.obj</name>
      </input_file>
      <input_file id="fl-2f">
         <path>C:\ti\ccsv8\tools\compiler\ti-cgt-msp430_18.1.4.LTS\lib\</path>
         <kind>archive</kind>
         <file>rts430_eabi.lib</file>
         <name>int08.asm.obj</name>
      </input_file>
      <input_file id="fl-30">
         <path>C:\ti\ccsv8\tools\compiler\ti-cgt-msp430_18.1.4.LTS\lib\</path>
         <kind>archive</kind>
         <file>rts430_eabi.lib</file>
         <name>int09.asm.obj</name>
      </input_file>
      <input_file id="fl-31">
         <path>C:\ti\ccsv8\tools\compiler\ti-cgt-msp430_18.1.4.LTS\lib\</path>
         <kind>archive</kind>
         <file>rts430_eabi.lib</file>
         <name>int10.asm.obj</name>
      </input_file>
      <input_file id="fl-32">
         <path>C:\ti\ccsv8\tools\compiler\ti-cgt-msp430_18.1.4.LTS\lib\</path>
         <kind>archive</kind>
         <file>rts430_eabi.lib</file>
         <name>int11.asm.obj</name>
      </input_file>
      <input_file id="fl-33">
         <path>C:\ti\ccsv8\tools\compiler\ti-cgt-msp430_18.1.4.LTS\lib\</path>
         <kind>archive</kind>
         <file>rts430_eabi.lib</file>
         <name>int13.asm.obj</name>
      </input_file>
      <input_file id="fl-34">
         <path>C:\ti\ccsv8\tools\compiler\ti-cgt-msp430_18.1.4.LTS\lib\</path>
         <kind>archive</kind>
         <file>rts430_eabi.lib</file>
         <name>int14.asm.obj</name>
      </input_file>
      <input_file id="fl-35">
         <path>C:\ti\ccsv8\tools\compiler\ti-cgt-msp430_18.1.4.LTS\lib\</path>
         <kind>archive</kind>
         <file>rts430_eabi.lib</file>
         <name>isr_trap.asm.obj</name>
      </input_file>
      <input_file id="fl-36">
         <path>C:\ti\ccsv8\tools\compiler\ti-cgt-msp430_18.1.4.LTS\lib\</path>
         <kind>archive</kind>
         <file>rts430_eabi.lib</file>
         <name>lsl16.asm.obj</name>
      </input_file>
      <input_file id="fl-37">
         <path>C:\ti\ccsv8\tools\compiler\ti-cgt-msp430_18.1.4.LTS\lib\</path>
         <kind>archive</kind>
         <file>rts430_eabi.lib</file>
         <name>lsl32.asm.obj</name>
      </input_file>
      <input_file id="fl-38">
         <path>C:\ti\ccsv8\tools\compiler\ti-cgt-msp430_18.1.4.LTS\lib\</path>
         <kind>archive</kind>
         <file>rts430_eabi.lib</file>
         <name>lsr16.asm.obj</name>
      </input_file>
      <input_file id="fl-39">
         <path>C:\ti\ccsv8\tools\compiler\ti-cgt-msp430_18.1.4.LTS\lib\</path>
         <kind>archive</kind>
         <file>rts430_eabi.lib</file>
         <name>lsr32.asm.obj</name>
      </input_file>
      <input_file id="fl-3a">
         <path>C:\ti\ccsv8\tools\compiler\ti-cgt-msp430_18.1.4.LTS\lib\</path>
         <kind>archive</kind>
         <file>rts430_eabi.lib</file>
         <name>boot.c.obj</name>
      </input_file>
      <input_file id="fl-3b">
         <path>C:\ti\ccsv8\tools\compiler\ti-cgt-msp430_18.1.4.LTS\lib\</path>
         <kind>archive</kind>
         <file>rts430_eabi.lib</file>
         <name>autoinit.c.obj</name>
      </input_file>
      <input_file id="fl-3c">
         <path>C:\ti\ccsv8\tools\compiler\ti-cgt-msp430_18.1.4.LTS\lib\</path>
         <kind>archive</kind>
         <file>rts430_eabi.lib</file>
         <name>copy_zero_init.c.obj</name>
      </input_file>
      <input_file id="fl-3d">
         <path>C:\ti\ccsv8\tools\compiler\ti-cgt-msp430_18.1.4.LTS\lib\</path>
         <kind>archive</kind>
         <file>rts430_eabi.lib</file>
         <name>cpy_tbl.c.obj</name>
      </input_file>
      <input_file id="fl-3e">
         <path>C:\ti\ccsv8\tools\compiler\ti-cgt-msp430_18.1.4.LTS\lib\</path>
         <kind>archive</kind>
         <file>rts430_eabi.lib</file>
         <name>mpu_init.c.obj</name>
      </input_file>
      <input_file id="fl-3f">
         <path>C:\ti\ccsv8\tools\compiler\ti-cgt-msp430_18.1.4.LTS\lib\</path>
         <kind>archive</kind>
         <file>rts430_eabi.lib</file>
         <name>lsr64.c.obj</name>
      </input_file>
      <input_file id="fl-40">
         <path>C:\ti\ccsv8\tools\compiler\ti-cgt-msp430_18.1.4.LTS\lib\</path>
         <kind>archive</kind>
         <file>rts430_eabi.lib</file>
         <name>pre_init.c.obj</name>
      </input_file>
      <input_file id="fl-41">
         <path>C:\ti\ccsv8\tools\compiler\ti-cgt-msp430_18.1.4.LTS\lib\</path>
         <kind>archive</kind>
         <file>rts430_eabi.lib</file>
         <name>startup.c.obj</name>
      </input_file>
      <input_file id="fl-42">
         <path>C:\ti\ccsv8\tools\compiler\ti-cgt-msp430_18.1.4.LTS\lib\</path>
         <kind>archive</kind>
         <file>rts430_eabi.lib</file>
         <name>copy_decompress_none.c.obj</name>
      </input_file>
      <input_file id="fl-43">
         <path>C:\ti\ccsv8\tools\compiler\ti-cgt-msp430_18.1.4.LTS\lib\</path>
         <kind>archive</kind>
         <file>rts430_eabi.lib</file>
         <name>copy_decompress_lzss.c.obj</name>
      </input_file>
      <input_file id="fl-44">
         <path>C:\ti\ccsv8\tools\compiler\ti-cgt-msp430_18.1.4.LTS\lib\</path>
         <kind>archive</kind>
         <file>rts430_eabi.lib</file>
         <name>cvtdf.c.obj</name>
      </input_file>
      <input_file id="fl-45">
         <path>C:\ti\ccsv8\tools\compiler\ti-cgt-msp430_18.1.4.LTS\lib\</path>
         <kind>archive</kind>
         <file>rts430_eabi.lib</file>
         <name>addd.c.obj</name>
      </input_file>
      <input_file id="fl-46">
         <path>C:\ti\ccsv8\tools\compiler\ti-cgt-msp430_18.1.4.LTS\lib\</path>
         <kind>archive</kind>
         <file>rts430_eabi.lib</file>
         <name>cmpd.c.obj</name>
      </input_file>
      <input_file id="fl-47">
         <path>C:\ti\ccsv8\tools\compiler\ti-cgt-msp430_18.1.4.LTS\lib\</path>
         <kind>archive</kind>
         <file>rts430_eabi.lib</file>
         <name>cvtfd.c.obj</name>
      </input_file>
      <input_file id="fl-48">
         <path>C:\ti\ccsv8\tools\compiler\ti-cgt-msp430_18.1.4.LTS\lib\</path>
         <kind>archive</kind>
         <file>rts430_eabi.lib</file>
         <name>divd.c.obj</name>
      </input_file>
      <input_file id="fl-49">
         <path>C:\ti\ccsv8\tools\compiler\ti-cgt-msp430_18.1.4.LTS\lib\</path>
         <kind>archive</kind>
         <file>rts430_eabi.lib</file>
         <name>fltid.c.obj</name>
      </input_file>
      <input_file id="fl-4a">
         <path>C:\ti\ccsv8\tools\compiler\ti-cgt-msp430_18.1.4.LTS\lib\</path>
         <kind>archive</kind>
         <file>rts430_eabi.lib</file>
         <name>fltlid.c.obj</name>
      </input_file>
      <input_file id="fl-4b">
         <path>C:\ti\ccsv8\tools\compiler\ti-cgt-msp430_18.1.4.LTS\lib\</path>
         <kind>archive</kind>
         <file>rts430_eabi.lib</file>
         <name>fltud.c.obj</name>
      </input_file>
      <input_file id="fl-4c">
         <path>C:\ti\ccsv8\tools\compiler\ti-cgt-msp430_18.1.4.LTS\lib\</path>
         <kind>archive</kind>
         <file>rts430_eabi.lib</file>
         <name>fltuld.c.obj</name>
      </input_file>
      <input_file id="fl-4d">
         <path>C:\ti\ccsv8\tools\compiler\ti-cgt-msp430_18.1.4.LTS\lib\</path>
         <kind>archive</kind>
         <file>rts430_eabi.lib</file>
         <name>frcaddd.c.obj</name>
      </input_file>
      <input_file id="fl-4e">
         <path>C:\ti\ccsv8\tools\compiler\ti-cgt-msp430_18.1.4.LTS\lib\</path>
         <kind>archive</kind>
         <file>rts430_eabi.lib</file>
         <name>frcdivd.c.obj</name>
      </input_file>
      <input_file id="fl-4f">
         <path>C:\ti\ccsv8\tools\compiler\ti-cgt-msp430_18.1.4.LTS\lib\</path>
         <kind>archive</kind>
         <file>rts430_eabi.lib</file>
         <name>mpyd.c.obj</name>
      </input_file>
      <input_file id="fl-50">
         <path>C:\ti\ccsv8\tools\compiler\ti-cgt-msp430_18.1.4.LTS\lib\</path>
         <kind>archive</kind>
         <file>rts430_eabi.lib</file>
         <name>negd.c.obj</name>
      </input_file>
      <input_file id="fl-51">
         <path>C:\ti\ccsv8\tools\compiler\ti-cgt-msp430_18.1.4.LTS\lib\</path>
         <kind>archive</kind>
         <file>rts430_eabi.lib</file>
         <name>renormd.c.obj</name>
      </input_file>
      <input_file id="fl-52">
         <path>C:\ti\ccsv8\tools\compiler\ti-cgt-msp430_18.1.4.LTS\lib\</path>
         <kind>archive</kind>
         <file>rts430_eabi.lib</file>
         <name>subd.c.obj</name>
      </input_file>
      <input_file id="fl-53">
         <path>C:\ti\ccsv8\tools\compiler\ti-cgt-msp430_18.1.4.LTS\lib\</path>
         <kind>archive</kind>
         <file>rts430_eabi.lib</file>
         <name>errno.c.obj</name>
      </input_file>
      <input_file id="fl-54">
         <path>C:\ti\ccsv8\tools\compiler\ti-cgt-msp430_18.1.4.LTS\lib\</path>
         <kind>archive</kind>
         <file>rts430_eabi.lib</file>
         <name>exit.c.obj</name>
      </input_file>
      <input_file id="fl-55">
         <path>C:\ti\ccsv8\tools\compiler\ti-cgt-msp430_18.1.4.LTS\lib\</path>
         <kind>archive</kind>
         <file>rts430_eabi.lib</file>
         <name>_lock.c.obj</name>
      </input_file>
      <input_file id="fl-56">
         <path>C:\ti\ccsv8\tools\compiler\ti-cgt-msp430_18.1.4.LTS\lib\</path>
         <kind>archive</kind>
         <file>rts430_eabi.lib</file>
         <name>args_main.c.obj</name>
      </input_file>
      <input_file id="fl-57">
         <path>C:\ti\ccsv8\tools\compiler\ti-cgt-msp430_18.1.4.LTS\lib\</path>
         <kind>archive</kind>
         <file>rts430_eabi.lib</file>
         <name>memcpy.c.obj</name>
      </input_file>
      <input_file id="fl-58">
         <path>C:\ti\ccsv8\tools\compiler\ti-cgt-msp430_18.1.4.LTS\lib\</path>
         <kind>archive</kind>
         <file>rts430_eabi.lib</file>
         <name>mult16.asm.obj</name>
      </input_file>
      <input_file id="fl-59">
         <path>C:\ti\ccsv8\tools\compiler\ti-cgt-msp430_18.1.4.LTS\lib\</path>
         <kind>archive</kind>
         <file>rts430_eabi.lib</file>
         <name>mult32.asm.obj</name>
      </input_file>
      <input_file id="fl-5a">
         <path>C:\ti\ccsv8\tools\compiler\ti-cgt-msp430_18.1.4.LTS\lib\</path>
         <kind>archive</kind>
         <file>rts430_eabi.lib</file>
         <name>exit_gvars.c.obj</name>
      </input_file>
      <input_file id="fl-5b">
         <path>C:\ti\ccsv8\tools\compiler\ti-cgt-msp430_18.1.4.LTS\lib\</path>
         <kind>archive</kind>
         <file>rts430_eabi.lib</file>
         <name>frcmpyd.c.obj</name>
      </input_file>
   </input_file_list>
   <object_component_list>
      <object_component id="oc-169">
         <name>.common:lista</name>
         <uninitialized>true</uninitialized>
         <run_address>0x22a</run_address>
         <size>0x14</size>
      </object_component>
      <object_component id="oc-2e0">
         <name>.common:l</name>
         <uninitialized>true</uninitialized>
         <run_address>0x241</run_address>
         <size>0x1</size>
      </object_component>
      <object_component id="oc-2e8">
         <name>.common:j</name>
         <uninitialized>true</uninitialized>
         <run_address>0x23f</run_address>
         <size>0x1</size>
      </object_component>
      <object_component id="oc-2e7">
         <name>.common:k</name>
         <uninitialized>true</uninitialized>
         <run_address>0x240</run_address>
         <size>0x1</size>
      </object_component>
      <object_component id="oc-16d">
         <name>.common:choice</name>
         <uninitialized>true</uninitialized>
         <run_address>0x23e</run_address>
         <size>0x1</size>
      </object_component>
      <object_component id="oc-161">
         <name>.data</name>
         <load_address>0x200</load_address>
         <run_address>0x200</run_address>
         <size>0x27</size>
         <input_file_ref idref="fl-2"/>
      </object_component>
      <object_component id="oc-344">
         <name>.data</name>
         <load_address>0x228</load_address>
         <run_address>0x228</run_address>
         <size>0x2</size>
         <input_file_ref idref="fl-53"/>
      </object_component>
      <object_component id="oc-b1">
         <name>.stack</name>
         <uninitialized>true</uninitialized>
         <run_address>0x3b0</run_address>
         <size>0x2</size>
         <input_file_ref idref="fl-3a"/>
      </object_component>
      <object_component id="oc-402">
         <name>.stack</name>
         <uninitialized>true</uninitialized>
         <run_address>0x3b0</run_address>
         <size>0x0</size>
      </object_component>
      <object_component id="oc-2e1">
         <name>.text:pow</name>
         <load_address>0xc000</load_address>
         <run_address>0xc000</run_address>
         <size>0x1162</size>
         <input_file_ref idref="fl-1e"/>
      </object_component>
      <object_component id="oc-1ed">
         <name>.text:__TI_frcdivd</name>
         <load_address>0xd162</load_address>
         <run_address>0xd162</run_address>
         <size>0x478</size>
         <input_file_ref idref="fl-4e"/>
      </object_component>
      <object_component id="oc-17a">
         <name>.text:__mspabi_addd</name>
         <load_address>0xd5da</load_address>
         <run_address>0xd5da</run_address>
         <size>0x2fa</size>
         <input_file_ref idref="fl-45"/>
      </object_component>
      <object_component id="oc-338">
         <name>.text:sqrt</name>
         <load_address>0xd8d4</load_address>
         <run_address>0xd8d4</run_address>
         <size>0x2f8</size>
         <input_file_ref idref="fl-1f"/>
      </object_component>
      <object_component id="oc-1e0">
         <name>.text:__TI_frcmpyd</name>
         <load_address>0xdbcc</load_address>
         <run_address>0xdbcc</run_address>
         <size>0x286</size>
         <input_file_ref idref="fl-5b"/>
      </object_component>
      <object_component id="oc-14f">
         <name>.text:__mspabi_mpyd</name>
         <load_address>0xde52</load_address>
         <run_address>0xde52</run_address>
         <size>0x26e</size>
         <input_file_ref idref="fl-4f"/>
      </object_component>
      <object_component id="oc-213">
         <name>.text:__TI_frcaddd</name>
         <load_address>0xe0c0</load_address>
         <run_address>0xe0c0</run_address>
         <size>0x260</size>
         <input_file_ref idref="fl-4d"/>
      </object_component>
      <object_component id="oc-155">
         <name>.text:__mspabi_divd</name>
         <load_address>0xe320</load_address>
         <run_address>0xe320</run_address>
         <size>0x238</size>
         <input_file_ref idref="fl-48"/>
      </object_component>
      <object_component id="oc-24e">
         <name>.text:PID_INSERT</name>
         <load_address>0xe558</load_address>
         <run_address>0xe558</run_address>
         <size>0x1f8</size>
         <input_file_ref idref="fl-2"/>
      </object_component>
      <object_component id="oc-ed">
         <name>.text:TIMER1_A1_ISR</name>
         <load_address>0xe750</load_address>
         <run_address>0xe750</run_address>
         <size>0x1a6</size>
         <input_file_ref idref="fl-2"/>
      </object_component>
      <object_component id="oc-356">
         <name>.text:scalbn</name>
         <load_address>0xe8f6</load_address>
         <run_address>0xe8f6</run_address>
         <size>0x16a</size>
         <input_file_ref idref="fl-20"/>
      </object_component>
      <object_component id="oc-190">
         <name>.text</name>
         <load_address>0xea60</load_address>
         <run_address>0xea60</run_address>
         <size>0x132</size>
         <input_file_ref idref="fl-25"/>
      </object_component>
      <object_component id="oc-350">
         <name>.text:__mspabi_cmpd</name>
         <load_address>0xeb92</load_address>
         <run_address>0xeb92</run_address>
         <size>0xdc</size>
         <input_file_ref idref="fl-46"/>
      </object_component>
      <object_component id="oc-186">
         <name>.text</name>
         <load_address>0xec6e</load_address>
         <run_address>0xec6e</run_address>
         <size>0xc4</size>
         <input_file_ref idref="fl-28"/>
      </object_component>
      <object_component id="oc-2c7">
         <name>.text:__TI_renormd</name>
         <load_address>0xed32</load_address>
         <run_address>0xed32</run_address>
         <size>0xbe</size>
         <input_file_ref idref="fl-51"/>
      </object_component>
      <object_component id="oc-20c">
         <name>.text:__mspabi_fltlid</name>
         <load_address>0xedf0</load_address>
         <run_address>0xedf0</run_address>
         <size>0xac</size>
         <input_file_ref idref="fl-4a"/>
      </object_component>
      <object_component id="oc-e1">
         <name>.text:adc10_interrupt</name>
         <load_address>0xee9c</load_address>
         <run_address>0xee9c</run_address>
         <size>0x9e</size>
         <input_file_ref idref="fl-2"/>
      </object_component>
      <object_component id="oc-18b">
         <name>.text</name>
         <load_address>0xef3a</load_address>
         <run_address>0xef3a</run_address>
         <size>0x9c</size>
         <input_file_ref idref="fl-27"/>
      </object_component>
      <object_component id="oc-15b">
         <name>.text:__mspabi_cvtdf</name>
         <load_address>0xefd6</load_address>
         <run_address>0xefd6</run_address>
         <size>0x8c</size>
         <input_file_ref idref="fl-44"/>
      </object_component>
      <object_component id="oc-1d4">
         <name>.text:__mspabi_fltuld</name>
         <load_address>0xf062</load_address>
         <run_address>0xf062</run_address>
         <size>0x8a</size>
         <input_file_ref idref="fl-4c"/>
      </object_component>
      <object_component id="oc-34">
         <name>.text:decompress:lzss:__TI_decompress_lzss</name>
         <load_address>0xf0ec</load_address>
         <run_address>0xf0ec</run_address>
         <size>0x7c</size>
         <input_file_ref idref="fl-43"/>
      </object_component>
      <object_component id="oc-195">
         <name>.text:__mspabi_cvtfd</name>
         <load_address>0xf168</load_address>
         <run_address>0xf168</run_address>
         <size>0x72</size>
         <input_file_ref idref="fl-47"/>
      </object_component>
      <object_component id="oc-164">
         <name>.text</name>
         <load_address>0xf1da</load_address>
         <run_address>0xf1da</run_address>
         <size>0x68</size>
         <input_file_ref idref="fl-29"/>
      </object_component>
      <object_component id="oc-294">
         <name>.text:l_lsr_const</name>
         <load_address>0xf242</load_address>
         <run_address>0xf242</run_address>
         <size>0x5c</size>
         <input_file_ref idref="fl-39"/>
      </object_component>
      <object_component id="oc-1af">
         <name>.text:main</name>
         <load_address>0xf29e</load_address>
         <run_address>0xf29e</run_address>
         <size>0x5a</size>
         <input_file_ref idref="fl-2"/>
      </object_component>
      <object_component id="oc-ba">
         <name>.text</name>
         <load_address>0xf2f8</load_address>
         <run_address>0xf2f8</run_address>
         <size>0x4c</size>
         <input_file_ref idref="fl-38"/>
      </object_component>
      <object_component id="oc-19b">
         <name>.text</name>
         <load_address>0xf344</load_address>
         <run_address>0xf344</run_address>
         <size>0x4a</size>
         <input_file_ref idref="fl-26"/>
      </object_component>
      <object_component id="oc-16f">
         <name>.text</name>
         <load_address>0xf38e</load_address>
         <run_address>0xf38e</run_address>
         <size>0x46</size>
         <input_file_ref idref="fl-2a"/>
      </object_component>
      <object_component id="oc-261">
         <name>.text:__TI_auto_init_nobinit_nopinit:__TI_auto_init_nobinit_nopinit</name>
         <load_address>0xf3d4</load_address>
         <run_address>0xf3d4</run_address>
         <size>0x42</size>
         <input_file_ref idref="fl-3b"/>
      </object_component>
      <object_component id="oc-21f">
         <name>.text:l_asr_const</name>
         <load_address>0xf416</load_address>
         <run_address>0xf416</run_address>
         <size>0x3e</size>
         <input_file_ref idref="fl-23"/>
      </object_component>
      <object_component id="oc-1f5">
         <name>.text:l_lsl_const</name>
         <load_address>0xf454</load_address>
         <run_address>0xf454</run_address>
         <size>0x3e</size>
         <input_file_ref idref="fl-37"/>
      </object_component>
      <object_component id="oc-22f">
         <name>.text:IO_CONFIGURATION</name>
         <load_address>0xf492</load_address>
         <run_address>0xf492</run_address>
         <size>0x2e</size>
         <input_file_ref idref="fl-2"/>
      </object_component>
      <object_component id="oc-180">
         <name>.text:__mspabi_subd</name>
         <load_address>0xf4c0</load_address>
         <run_address>0xf4c0</run_address>
         <size>0x2e</size>
         <input_file_ref idref="fl-52"/>
      </object_component>
      <object_component id="oc-39a">
         <name>.text:copysign</name>
         <load_address>0xf4ee</load_address>
         <run_address>0xf4ee</run_address>
         <size>0x2e</size>
         <input_file_ref idref="fl-21"/>
      </object_component>
      <object_component id="oc-1db">
         <name>.text</name>
         <load_address>0xf51c</load_address>
         <run_address>0xf51c</run_address>
         <size>0x2c</size>
         <input_file_ref idref="fl-22"/>
      </object_component>
      <object_component id="oc-b5">
         <name>.text</name>
         <load_address>0xf548</load_address>
         <run_address>0xf548</run_address>
         <size>0x2c</size>
         <input_file_ref idref="fl-36"/>
      </object_component>
      <object_component id="oc-33e">
         <name>.text:__mspabi_negd</name>
         <load_address>0xf574</load_address>
         <run_address>0xf574</run_address>
         <size>0x2a</size>
         <input_file_ref idref="fl-50"/>
      </object_component>
      <object_component id="oc-23b">
         <name>.text:USART_Init</name>
         <load_address>0xf59e</load_address>
         <run_address>0xf59e</run_address>
         <size>0x26</size>
         <input_file_ref idref="fl-3"/>
      </object_component>
      <object_component id="oc-29c">
         <name>.text</name>
         <load_address>0xf5c4</load_address>
         <run_address>0xf5c4</run_address>
         <size>0x26</size>
         <input_file_ref idref="fl-59"/>
      </object_component>
      <object_component id="oc-241">
         <name>.text:ADC_CONFIGURATION</name>
         <load_address>0xf5ea</load_address>
         <run_address>0xf5ea</run_address>
         <size>0x1e</size>
         <input_file_ref idref="fl-2"/>
      </object_component>
      <object_component id="oc-105">
         <name>.text:_c_int00_noargs</name>
         <load_address>0xf608</load_address>
         <run_address>0xf608</run_address>
         <size>0x1c</size>
         <input_file_ref idref="fl-3a"/>
      </object_component>
      <object_component id="oc-235">
         <name>.text:TIMER_CONFIGURATION</name>
         <load_address>0xf624</load_address>
         <run_address>0xf624</run_address>
         <size>0x1a</size>
         <input_file_ref idref="fl-2"/>
      </object_component>
      <object_component id="oc-e7">
         <name>.text:ISR_PARA_UART_RX</name>
         <load_address>0xf63e</load_address>
         <run_address>0xf63e</run_address>
         <size>0x14</size>
         <input_file_ref idref="fl-2"/>
      </object_component>
      <object_component id="oc-f3">
         <name>.text:decompress:ZI:__TI_zero_init_nomemset:__TI_zero_init_nomemset</name>
         <load_address>0xf652</load_address>
         <run_address>0xf652</run_address>
         <size>0x14</size>
         <input_file_ref idref="fl-3c"/>
      </object_component>
      <object_component id="oc-2a5">
         <name>.text</name>
         <load_address>0xf666</load_address>
         <run_address>0xf666</run_address>
         <size>0x14</size>
         <input_file_ref idref="fl-58"/>
      </object_component>
      <object_component id="oc-248">
         <name>.text:USART_Transmit_String</name>
         <load_address>0xf67a</load_address>
         <run_address>0xf67a</run_address>
         <size>0x12</size>
         <input_file_ref idref="fl-3"/>
      </object_component>
      <object_component id="oc-3a">
         <name>.text:decompress:none:__TI_decompress_none</name>
         <load_address>0xf68c</load_address>
         <run_address>0xf68c</run_address>
         <size>0x12</size>
         <input_file_ref idref="fl-42"/>
      </object_component>
      <object_component id="oc-2bd">
         <name>.text:l_lsr</name>
         <load_address>0xf69e</load_address>
         <run_address>0xf69e</run_address>
         <size>0x12</size>
         <input_file_ref idref="fl-39"/>
      </object_component>
      <object_component id="oc-cf">
         <name>.text:memcpy</name>
         <load_address>0xf6b0</load_address>
         <run_address>0xf6b0</run_address>
         <size>0x12</size>
         <input_file_ref idref="fl-57"/>
      </object_component>
      <object_component id="oc-2c2">
         <name>.text:l_asr</name>
         <load_address>0xf6c2</load_address>
         <run_address>0xf6c2</run_address>
         <size>0x10</size>
         <input_file_ref idref="fl-23"/>
      </object_component>
      <object_component id="oc-2b8">
         <name>.text:l_lsl</name>
         <load_address>0xf6d2</load_address>
         <run_address>0xf6d2</run_address>
         <size>0x10</size>
         <input_file_ref idref="fl-37"/>
      </object_component>
      <object_component id="oc-bf">
         <name>.text</name>
         <load_address>0xf6e2</load_address>
         <run_address>0xf6e2</run_address>
         <size>0x10</size>
         <input_file_ref idref="fl-24"/>
      </object_component>
      <object_component id="oc-2e9">
         <name>.text:USART_Receive_char</name>
         <load_address>0xf6f2</load_address>
         <run_address>0xf6f2</run_address>
         <size>0xc</size>
         <input_file_ref idref="fl-3"/>
      </object_component>
      <object_component id="oc-2d8">
         <name>.text:USART_Transmit_char</name>
         <load_address>0xf6fe</load_address>
         <run_address>0xf6fe</run_address>
         <size>0xc</size>
         <input_file_ref idref="fl-3"/>
      </object_component>
      <object_component id="oc-174">
         <name>.text:__mspabi_fltid</name>
         <load_address>0xf70a</load_address>
         <run_address>0xf70a</run_address>
         <size>0xc</size>
         <input_file_ref idref="fl-49"/>
      </object_component>
      <object_component id="oc-dc">
         <name>.text:_isr:__TI_ISR_TRAP</name>
         <load_address>0xf716</load_address>
         <run_address>0xf716</run_address>
         <size>0x8</size>
         <input_file_ref idref="fl-35"/>
      </object_component>
      <object_component id="oc-149">
         <name>.text:__mspabi_fltud</name>
         <load_address>0xf71e</load_address>
         <run_address>0xf71e</run_address>
         <size>0x6</size>
         <input_file_ref idref="fl-4b"/>
      </object_component>
      <object_component id="oc-255">
         <name>.text:abort</name>
         <load_address>0xf724</load_address>
         <run_address>0xf724</run_address>
         <size>0x6</size>
         <input_file_ref idref="fl-54"/>
      </object_component>
      <object_component id="oc-1a9">
         <name>.text:_system_pre_init</name>
         <load_address>0xf72a</load_address>
         <run_address>0xf72a</run_address>
         <size>0x4</size>
         <input_file_ref idref="fl-40"/>
      </object_component>
      <object_component id="oc-302">
         <name>.text:_system_post_cinit</name>
         <load_address>0xf72e</load_address>
         <run_address>0xf72e</run_address>
         <size>0x2</size>
         <input_file_ref idref="fl-41"/>
      </object_component>
      <object_component id="oc-401">
         <name>.cinit..data.load</name>
         <load_address>0xf922</load_address>
         <run_address>0xf922</run_address>
         <size>0x8</size>
      </object_component>
      <object_component id="oc-3fe">
         <name>__TI_handler_table</name>
         <load_address>0xf92a</load_address>
         <run_address>0xf92a</run_address>
         <size>0x6</size>
      </object_component>
      <object_component id="oc-400">
         <name>.cinit..bss.load</name>
         <load_address>0xf930</load_address>
         <run_address>0xf930</run_address>
         <size>0x4</size>
      </object_component>
      <object_component id="oc-3ff">
         <name>__TI_cinit_table</name>
         <load_address>0xf934</load_address>
         <run_address>0xf934</run_address>
         <size>0x8</size>
      </object_component>
      <object_component id="oc-247">
         <name>.const:.string</name>
         <load_address>0xf730</load_address>
         <run_address>0xf730</run_address>
         <size>0x1c2</size>
         <input_file_ref idref="fl-2"/>
      </object_component>
      <object_component id="oc-347">
         <name>.const:bp</name>
         <load_address>0xf8f2</load_address>
         <run_address>0xf8f2</run_address>
         <size>0x10</size>
         <input_file_ref idref="fl-1e"/>
      </object_component>
      <object_component id="oc-34a">
         <name>.const:dp_h</name>
         <load_address>0xf902</load_address>
         <run_address>0xf902</run_address>
         <size>0x10</size>
         <input_file_ref idref="fl-1e"/>
      </object_component>
      <object_component id="oc-34d">
         <name>.const:dp_l</name>
         <load_address>0xf912</load_address>
         <run_address>0xf912</run_address>
         <size>0x10</size>
         <input_file_ref idref="fl-1e"/>
      </object_component>
      <object_component id="oc-3c0">
         <name>.binit</name>
         <load_address>0xc000</load_address>
         <run_address>0xc000</run_address>
         <size>0x0</size>
      </object_component>
      <object_component id="oc-40">
         <name>.int00</name>
         <load_address>0xffe0</load_address>
         <run_address>0xffe0</run_address>
         <size>0x2</size>
         <input_file_ref idref="fl-2b"/>
      </object_component>
      <object_component id="oc-41">
         <name>.int02</name>
         <load_address>0xffe4</load_address>
         <run_address>0xffe4</run_address>
         <size>0x2</size>
         <input_file_ref idref="fl-2c"/>
      </object_component>
      <object_component id="oc-42">
         <name>.int03</name>
         <load_address>0xffe6</load_address>
         <run_address>0xffe6</run_address>
         <size>0x2</size>
         <input_file_ref idref="fl-2d"/>
      </object_component>
      <object_component id="oc-43">
         <name>.int05</name>
         <load_address>0xffea</load_address>
         <run_address>0xffea</run_address>
         <size>0x2</size>
         <input_file_ref idref="fl-2"/>
      </object_component>
      <object_component id="oc-44">
         <name>.int06</name>
         <load_address>0xffec</load_address>
         <run_address>0xffec</run_address>
         <size>0x2</size>
         <input_file_ref idref="fl-2e"/>
      </object_component>
      <object_component id="oc-45">
         <name>.int07</name>
         <load_address>0xffee</load_address>
         <run_address>0xffee</run_address>
         <size>0x2</size>
         <input_file_ref idref="fl-2"/>
      </object_component>
      <object_component id="oc-46">
         <name>.int08</name>
         <load_address>0xfff0</load_address>
         <run_address>0xfff0</run_address>
         <size>0x2</size>
         <input_file_ref idref="fl-2f"/>
      </object_component>
      <object_component id="oc-47">
         <name>.int09</name>
         <load_address>0xfff2</load_address>
         <run_address>0xfff2</run_address>
         <size>0x2</size>
         <input_file_ref idref="fl-30"/>
      </object_component>
      <object_component id="oc-48">
         <name>.int10</name>
         <load_address>0xfff4</load_address>
         <run_address>0xfff4</run_address>
         <size>0x2</size>
         <input_file_ref idref="fl-31"/>
      </object_component>
      <object_component id="oc-49">
         <name>.int11</name>
         <load_address>0xfff6</load_address>
         <run_address>0xfff6</run_address>
         <size>0x2</size>
         <input_file_ref idref="fl-32"/>
      </object_component>
      <object_component id="oc-4a">
         <name>.int12</name>
         <load_address>0xfff8</load_address>
         <run_address>0xfff8</run_address>
         <size>0x2</size>
         <input_file_ref idref="fl-2"/>
      </object_component>
      <object_component id="oc-4b">
         <name>.int13</name>
         <load_address>0xfffa</load_address>
         <run_address>0xfffa</run_address>
         <size>0x2</size>
         <input_file_ref idref="fl-33"/>
      </object_component>
      <object_component id="oc-4c">
         <name>.int14</name>
         <load_address>0xfffc</load_address>
         <run_address>0xfffc</run_address>
         <size>0x2</size>
         <input_file_ref idref="fl-34"/>
      </object_component>
      <object_component id="oc-b4">
         <name>.reset</name>
         <load_address>0xfffe</load_address>
         <run_address>0xfffe</run_address>
         <size>0x2</size>
         <input_file_ref idref="fl-3a"/>
      </object_component>
      <object_component id="oc-16a">
         <name>.debug_info</name>
         <load_address>0x0</load_address>
         <run_address>0x0</run_address>
         <size>0x51c</size>
         <input_file_ref idref="fl-2"/>
      </object_component>
      <object_component id="oc-162">
         <name>.debug_info</name>
         <load_address>0x51c</load_address>
         <run_address>0x51c</run_address>
         <size>0x1aa</size>
         <input_file_ref idref="fl-2"/>
      </object_component>
      <object_component id="oc-230">
         <name>.debug_info</name>
         <load_address>0x6c6</load_address>
         <run_address>0x6c6</run_address>
         <size>0x127</size>
         <input_file_ref idref="fl-2"/>
      </object_component>
      <object_component id="oc-236">
         <name>.debug_info</name>
         <load_address>0x7ed</load_address>
         <run_address>0x7ed</run_address>
         <size>0x12d</size>
         <input_file_ref idref="fl-2"/>
      </object_component>
      <object_component id="oc-242">
         <name>.debug_info</name>
         <load_address>0x91a</load_address>
         <run_address>0x91a</run_address>
         <size>0x129</size>
         <input_file_ref idref="fl-2"/>
      </object_component>
      <object_component id="oc-24f">
         <name>.debug_info</name>
         <load_address>0xa43</load_address>
         <run_address>0xa43</run_address>
         <size>0x34e</size>
         <input_file_ref idref="fl-2"/>
      </object_component>
      <object_component id="oc-1b0">
         <name>.debug_info</name>
         <load_address>0xd91</load_address>
         <run_address>0xd91</run_address>
         <size>0x1c8</size>
         <input_file_ref idref="fl-2"/>
      </object_component>
      <object_component id="oc-e2">
         <name>.debug_info</name>
         <load_address>0xf59</load_address>
         <run_address>0xf59</run_address>
         <size>0x18d</size>
         <input_file_ref idref="fl-2"/>
      </object_component>
      <object_component id="oc-ef">
         <name>.debug_info</name>
         <load_address>0x10e6</load_address>
         <run_address>0x10e6</run_address>
         <size>0x2d1</size>
         <input_file_ref idref="fl-2"/>
      </object_component>
      <object_component id="oc-e9">
         <name>.debug_info</name>
         <load_address>0x13b7</load_address>
         <run_address>0x13b7</run_address>
         <size>0x128</size>
         <input_file_ref idref="fl-2"/>
      </object_component>
      <object_component id="oc-206">
         <name>.debug_info</name>
         <load_address>0x14df</load_address>
         <run_address>0x14df</run_address>
         <size>0x26b</size>
         <input_file_ref idref="fl-2"/>
      </object_component>
      <object_component id="oc-ca">
         <name>.debug_info</name>
         <load_address>0x174a</load_address>
         <run_address>0x174a</run_address>
         <size>0x84</size>
         <input_file_ref idref="fl-2"/>
      </object_component>
      <object_component id="oc-2b1">
         <name>.debug_info</name>
         <load_address>0x17ce</load_address>
         <run_address>0x17ce</run_address>
         <size>0x275</size>
         <input_file_ref idref="fl-2"/>
      </object_component>
      <object_component id="oc-1fe">
         <name>.debug_info</name>
         <load_address>0x1a43</load_address>
         <run_address>0x1a43</run_address>
         <size>0xbb</size>
         <input_file_ref idref="fl-2"/>
      </object_component>
      <object_component id="oc-2df">
         <name>.debug_info</name>
         <load_address>0x1afe</load_address>
         <run_address>0x1afe</run_address>
         <size>0x25f</size>
         <input_file_ref idref="fl-3"/>
      </object_component>
      <object_component id="oc-2da">
         <name>.debug_info</name>
         <load_address>0x1d5d</load_address>
         <run_address>0x1d5d</run_address>
         <size>0x18b</size>
         <input_file_ref idref="fl-3"/>
      </object_component>
      <object_component id="oc-24c">
         <name>.debug_info</name>
         <load_address>0x1ee8</load_address>
         <run_address>0x1ee8</run_address>
         <size>0x1bd</size>
         <input_file_ref idref="fl-3"/>
      </object_component>
      <object_component id="oc-2ed">
         <name>.debug_info</name>
         <load_address>0x20a5</load_address>
         <run_address>0x20a5</run_address>
         <size>0x16b</size>
         <input_file_ref idref="fl-3"/>
      </object_component>
      <object_component id="oc-23d">
         <name>.debug_info</name>
         <load_address>0x2210</load_address>
         <run_address>0x2210</run_address>
         <size>0x157</size>
         <input_file_ref idref="fl-3"/>
      </object_component>
      <object_component id="oc-13c">
         <name>.debug_info</name>
         <load_address>0x2367</load_address>
         <run_address>0x2367</run_address>
         <size>0x2c</size>
         <input_file_ref idref="fl-3"/>
      </object_component>
      <object_component id="oc-362">
         <name>.debug_info</name>
         <load_address>0x2393</load_address>
         <run_address>0x2393</run_address>
         <size>0x1d1</size>
         <input_file_ref idref="fl-1e"/>
      </object_component>
      <object_component id="oc-348">
         <name>.debug_info</name>
         <load_address>0x2564</load_address>
         <run_address>0x2564</run_address>
         <size>0xf8</size>
         <input_file_ref idref="fl-1e"/>
      </object_component>
      <object_component id="oc-34b">
         <name>.debug_info</name>
         <load_address>0x265c</load_address>
         <run_address>0x265c</run_address>
         <size>0xfc</size>
         <input_file_ref idref="fl-1e"/>
      </object_component>
      <object_component id="oc-34e">
         <name>.debug_info</name>
         <load_address>0x2758</load_address>
         <run_address>0x2758</run_address>
         <size>0xfc</size>
         <input_file_ref idref="fl-1e"/>
      </object_component>
      <object_component id="oc-2e4">
         <name>.debug_info</name>
         <load_address>0x2854</load_address>
         <run_address>0x2854</run_address>
         <size>0x116b</size>
         <input_file_ref idref="fl-1e"/>
      </object_component>
      <object_component id="oc-3a7">
         <name>.debug_info</name>
         <load_address>0x39bf</load_address>
         <run_address>0x39bf</run_address>
         <size>0x46</size>
         <input_file_ref idref="fl-1e"/>
      </object_component>
      <object_component id="oc-35d">
         <name>.debug_info</name>
         <load_address>0x3a05</load_address>
         <run_address>0x3a05</run_address>
         <size>0x39</size>
         <input_file_ref idref="fl-1e"/>
      </object_component>
      <object_component id="oc-38f">
         <name>.debug_info</name>
         <load_address>0x3a3e</load_address>
         <run_address>0x3a3e</run_address>
         <size>0x17d</size>
         <input_file_ref idref="fl-1f"/>
      </object_component>
      <object_component id="oc-33a">
         <name>.debug_info</name>
         <load_address>0x3bbb</load_address>
         <run_address>0x3bbb</run_address>
         <size>0x31d</size>
         <input_file_ref idref="fl-1f"/>
      </object_component>
      <object_component id="oc-3a1">
         <name>.debug_info</name>
         <load_address>0x3ed8</load_address>
         <run_address>0x3ed8</run_address>
         <size>0x1b0</size>
         <input_file_ref idref="fl-20"/>
      </object_component>
      <object_component id="oc-357">
         <name>.debug_info</name>
         <load_address>0x4088</load_address>
         <run_address>0x4088</run_address>
         <size>0x23b</size>
         <input_file_ref idref="fl-20"/>
      </object_component>
      <object_component id="oc-3a2">
         <name>.debug_info</name>
         <load_address>0x42c3</load_address>
         <run_address>0x42c3</run_address>
         <size>0x2c</size>
         <input_file_ref idref="fl-20"/>
      </object_component>
      <object_component id="oc-39b">
         <name>.debug_info</name>
         <load_address>0x42ef</load_address>
         <run_address>0x42ef</run_address>
         <size>0x160</size>
         <input_file_ref idref="fl-21"/>
      </object_component>
      <object_component id="oc-1dc">
         <name>.debug_info</name>
         <load_address>0x444f</load_address>
         <run_address>0x444f</run_address>
         <size>0x123</size>
         <input_file_ref idref="fl-22"/>
      </object_component>
      <object_component id="oc-2c4">
         <name>.debug_info</name>
         <load_address>0x4572</load_address>
         <run_address>0x4572</run_address>
         <size>0x123</size>
         <input_file_ref idref="fl-23"/>
      </object_component>
      <object_component id="oc-220">
         <name>.debug_info</name>
         <load_address>0x4695</load_address>
         <run_address>0x4695</run_address>
         <size>0x129</size>
         <input_file_ref idref="fl-23"/>
      </object_component>
      <object_component id="oc-c0">
         <name>.debug_info</name>
         <load_address>0x47be</load_address>
         <run_address>0x47be</run_address>
         <size>0x131</size>
         <input_file_ref idref="fl-24"/>
      </object_component>
      <object_component id="oc-193">
         <name>.debug_info</name>
         <load_address>0x48ef</load_address>
         <run_address>0x48ef</run_address>
         <size>0x124</size>
         <input_file_ref idref="fl-25"/>
      </object_component>
      <object_component id="oc-19e">
         <name>.debug_info</name>
         <load_address>0x4a13</load_address>
         <run_address>0x4a13</run_address>
         <size>0x130</size>
         <input_file_ref idref="fl-26"/>
      </object_component>
      <object_component id="oc-18d">
         <name>.debug_info</name>
         <load_address>0x4b43</load_address>
         <run_address>0x4b43</run_address>
         <size>0x124</size>
         <input_file_ref idref="fl-27"/>
      </object_component>
      <object_component id="oc-187">
         <name>.debug_info</name>
         <load_address>0x4c67</load_address>
         <run_address>0x4c67</run_address>
         <size>0x124</size>
         <input_file_ref idref="fl-28"/>
      </object_component>
      <object_component id="oc-166">
         <name>.debug_info</name>
         <load_address>0x4d8b</load_address>
         <run_address>0x4d8b</run_address>
         <size>0x138</size>
         <input_file_ref idref="fl-29"/>
      </object_component>
      <object_component id="oc-170">
         <name>.debug_info</name>
         <load_address>0x4ec3</load_address>
         <run_address>0x4ec3</run_address>
         <size>0x132</size>
         <input_file_ref idref="fl-2a"/>
      </object_component>
      <object_component id="oc-dd">
         <name>.debug_info</name>
         <load_address>0x4ff5</load_address>
         <run_address>0x4ff5</run_address>
         <size>0x112</size>
         <input_file_ref idref="fl-35"/>
      </object_component>
      <object_component id="oc-b7">
         <name>.debug_info</name>
         <load_address>0x5107</load_address>
         <run_address>0x5107</run_address>
         <size>0x123</size>
         <input_file_ref idref="fl-36"/>
      </object_component>
      <object_component id="oc-2ba">
         <name>.debug_info</name>
         <load_address>0x522a</load_address>
         <run_address>0x522a</run_address>
         <size>0x123</size>
         <input_file_ref idref="fl-37"/>
      </object_component>
      <object_component id="oc-1f6">
         <name>.debug_info</name>
         <load_address>0x534d</load_address>
         <run_address>0x534d</run_address>
         <size>0x129</size>
         <input_file_ref idref="fl-37"/>
      </object_component>
      <object_component id="oc-bb">
         <name>.debug_info</name>
         <load_address>0x5476</load_address>
         <run_address>0x5476</run_address>
         <size>0x123</size>
         <input_file_ref idref="fl-38"/>
      </object_component>
      <object_component id="oc-2bf">
         <name>.debug_info</name>
         <load_address>0x5599</load_address>
         <run_address>0x5599</run_address>
         <size>0x123</size>
         <input_file_ref idref="fl-39"/>
      </object_component>
      <object_component id="oc-296">
         <name>.debug_info</name>
         <load_address>0x56bc</load_address>
         <run_address>0x56bc</run_address>
         <size>0x129</size>
         <input_file_ref idref="fl-39"/>
      </object_component>
      <object_component id="oc-b2">
         <name>.debug_info</name>
         <load_address>0x57e5</load_address>
         <run_address>0x57e5</run_address>
         <size>0x100</size>
         <input_file_ref idref="fl-3a"/>
      </object_component>
      <object_component id="oc-107">
         <name>.debug_info</name>
         <load_address>0x58e5</load_address>
         <run_address>0x58e5</run_address>
         <size>0x17a</size>
         <input_file_ref idref="fl-3a"/>
      </object_component>
      <object_component id="oc-309">
         <name>.debug_info</name>
         <load_address>0x5a5f</load_address>
         <run_address>0x5a5f</run_address>
         <size>0x47d</size>
         <input_file_ref idref="fl-3b"/>
      </object_component>
      <object_component id="oc-263">
         <name>.debug_info</name>
         <load_address>0x5edc</load_address>
         <run_address>0x5edc</run_address>
         <size>0x1e0</size>
         <input_file_ref idref="fl-3b"/>
      </object_component>
      <object_component id="oc-37b">
         <name>.debug_info</name>
         <load_address>0x60bc</load_address>
         <run_address>0x60bc</run_address>
         <size>0x39</size>
         <input_file_ref idref="fl-3b"/>
      </object_component>
      <object_component id="oc-387">
         <name>.debug_info</name>
         <load_address>0x60f5</load_address>
         <run_address>0x60f5</run_address>
         <size>0x2c</size>
         <input_file_ref idref="fl-3b"/>
      </object_component>
      <object_component id="oc-314">
         <name>.debug_info</name>
         <load_address>0x6121</load_address>
         <run_address>0x6121</run_address>
         <size>0x2c</size>
         <input_file_ref idref="fl-3b"/>
      </object_component>
      <object_component id="oc-380">
         <name>.debug_info</name>
         <load_address>0x614d</load_address>
         <run_address>0x614d</run_address>
         <size>0xcd</size>
         <input_file_ref idref="fl-3b"/>
      </object_component>
      <object_component id="oc-1a7">
         <name>.debug_info</name>
         <load_address>0x621a</load_address>
         <run_address>0x621a</run_address>
         <size>0x1bf</size>
         <input_file_ref idref="fl-3c"/>
      </object_component>
      <object_component id="oc-f7">
         <name>.debug_info</name>
         <load_address>0x63d9</load_address>
         <run_address>0x63d9</run_address>
         <size>0x1d2</size>
         <input_file_ref idref="fl-3c"/>
      </object_component>
      <object_component id="oc-1a2">
         <name>.debug_info</name>
         <load_address>0x65ab</load_address>
         <run_address>0x65ab</run_address>
         <size>0x46</size>
         <input_file_ref idref="fl-3c"/>
      </object_component>
      <object_component id="oc-1ac">
         <name>.debug_info</name>
         <load_address>0x65f1</load_address>
         <run_address>0x65f1</run_address>
         <size>0x153</size>
         <input_file_ref idref="fl-40"/>
      </object_component>
      <object_component id="oc-304">
         <name>.debug_info</name>
         <load_address>0x6744</load_address>
         <run_address>0x6744</run_address>
         <size>0x150</size>
         <input_file_ref idref="fl-41"/>
      </object_component>
      <object_component id="oc-db">
         <name>.debug_info</name>
         <load_address>0x6894</load_address>
         <run_address>0x6894</run_address>
         <size>0x180</size>
         <input_file_ref idref="fl-42"/>
      </object_component>
      <object_component id="oc-3d">
         <name>.debug_info</name>
         <load_address>0x6a14</load_address>
         <run_address>0x6a14</run_address>
         <size>0x1ea</size>
         <input_file_ref idref="fl-42"/>
      </object_component>
      <object_component id="oc-d6">
         <name>.debug_info</name>
         <load_address>0x6bfe</load_address>
         <run_address>0x6bfe</run_address>
         <size>0x46</size>
         <input_file_ref idref="fl-42"/>
      </object_component>
      <object_component id="oc-141">
         <name>.debug_info</name>
         <load_address>0x6c44</load_address>
         <run_address>0x6c44</run_address>
         <size>0x2c</size>
         <input_file_ref idref="fl-42"/>
      </object_component>
      <object_component id="oc-139">
         <name>.debug_info</name>
         <load_address>0x6c70</load_address>
         <run_address>0x6c70</run_address>
         <size>0x176</size>
         <input_file_ref idref="fl-43"/>
      </object_component>
      <object_component id="oc-35">
         <name>.debug_info</name>
         <load_address>0x6de6</load_address>
         <run_address>0x6de6</run_address>
         <size>0x292</size>
         <input_file_ref idref="fl-43"/>
      </object_component>
      <object_component id="oc-c5">
         <name>.debug_info</name>
         <load_address>0x7078</load_address>
         <run_address>0x7078</run_address>
         <size>0x60</size>
         <input_file_ref idref="fl-43"/>
      </object_component>
      <object_component id="oc-1cb">
         <name>.debug_info</name>
         <load_address>0x70d8</load_address>
         <run_address>0x70d8</run_address>
         <size>0x46</size>
         <input_file_ref idref="fl-43"/>
      </object_component>
      <object_component id="oc-134">
         <name>.debug_info</name>
         <load_address>0x711e</load_address>
         <run_address>0x711e</run_address>
         <size>0x39</size>
         <input_file_ref idref="fl-43"/>
      </object_component>
      <object_component id="oc-1fb">
         <name>.debug_info</name>
         <load_address>0x7157</load_address>
         <run_address>0x7157</run_address>
         <size>0x165</size>
         <input_file_ref idref="fl-44"/>
      </object_component>
      <object_component id="oc-15c">
         <name>.debug_info</name>
         <load_address>0x72bc</load_address>
         <run_address>0x72bc</run_address>
         <size>0x1d8</size>
         <input_file_ref idref="fl-44"/>
      </object_component>
      <object_component id="oc-226">
         <name>.debug_info</name>
         <load_address>0x7494</load_address>
         <run_address>0x7494</run_address>
         <size>0xdb</size>
         <input_file_ref idref="fl-44"/>
      </object_component>
      <object_component id="oc-21a">
         <name>.debug_info</name>
         <load_address>0x756f</load_address>
         <run_address>0x756f</run_address>
         <size>0x1a7</size>
         <input_file_ref idref="fl-45"/>
      </object_component>
      <object_component id="oc-17b">
         <name>.debug_info</name>
         <load_address>0x7716</load_address>
         <run_address>0x7716</run_address>
         <size>0x257</size>
         <input_file_ref idref="fl-45"/>
      </object_component>
      <object_component id="oc-1e7">
         <name>.debug_info</name>
         <load_address>0x796d</load_address>
         <run_address>0x796d</run_address>
         <size>0x94</size>
         <input_file_ref idref="fl-45"/>
      </object_component>
      <object_component id="oc-351">
         <name>.debug_info</name>
         <load_address>0x7a01</load_address>
         <run_address>0x7a01</run_address>
         <size>0x1af</size>
         <input_file_ref idref="fl-46"/>
      </object_component>
      <object_component id="oc-225">
         <name>.debug_info</name>
         <load_address>0x7bb0</load_address>
         <run_address>0x7bb0</run_address>
         <size>0x165</size>
         <input_file_ref idref="fl-47"/>
      </object_component>
      <object_component id="oc-196">
         <name>.debug_info</name>
         <load_address>0x7d15</load_address>
         <run_address>0x7d15</run_address>
         <size>0x1d4</size>
         <input_file_ref idref="fl-47"/>
      </object_component>
      <object_component id="oc-1f4">
         <name>.debug_info</name>
         <load_address>0x7ee9</load_address>
         <run_address>0x7ee9</run_address>
         <size>0x1a2</size>
         <input_file_ref idref="fl-48"/>
      </object_component>
      <object_component id="oc-156">
         <name>.debug_info</name>
         <load_address>0x808b</load_address>
         <run_address>0x808b</run_address>
         <size>0x28a</size>
         <input_file_ref idref="fl-48"/>
      </object_component>
      <object_component id="oc-175">
         <name>.debug_info</name>
         <load_address>0x8315</load_address>
         <run_address>0x8315</run_address>
         <size>0x166</size>
         <input_file_ref idref="fl-49"/>
      </object_component>
      <object_component id="oc-2b7">
         <name>.debug_info</name>
         <load_address>0x847b</load_address>
         <run_address>0x847b</run_address>
         <size>0x16b</size>
         <input_file_ref idref="fl-4a"/>
      </object_component>
      <object_component id="oc-20d">
         <name>.debug_info</name>
         <load_address>0x85e6</load_address>
         <run_address>0x85e6</run_address>
         <size>0x21b</size>
         <input_file_ref idref="fl-4a"/>
      </object_component>
      <object_component id="oc-14b">
         <name>.debug_info</name>
         <load_address>0x8801</load_address>
         <run_address>0x8801</run_address>
         <size>0x166</size>
         <input_file_ref idref="fl-4b"/>
      </object_component>
      <object_component id="oc-29a">
         <name>.debug_info</name>
         <load_address>0x8967</load_address>
         <run_address>0x8967</run_address>
         <size>0x16b</size>
         <input_file_ref idref="fl-4c"/>
      </object_component>
      <object_component id="oc-1d5">
         <name>.debug_info</name>
         <load_address>0x8ad2</load_address>
         <run_address>0x8ad2</run_address>
         <size>0x1e3</size>
         <input_file_ref idref="fl-4c"/>
      </object_component>
      <object_component id="oc-2ce">
         <name>.debug_info</name>
         <load_address>0x8cb5</load_address>
         <run_address>0x8cb5</run_address>
         <size>0x1a0</size>
         <input_file_ref idref="fl-4d"/>
      </object_component>
      <object_component id="oc-214">
         <name>.debug_info</name>
         <load_address>0x8e55</load_address>
         <run_address>0x8e55</run_address>
         <size>0x329</size>
         <input_file_ref idref="fl-4d"/>
      </object_component>
      <object_component id="oc-2ab">
         <name>.debug_info</name>
         <load_address>0x917e</load_address>
         <run_address>0x917e</run_address>
         <size>0x172</size>
         <input_file_ref idref="fl-4e"/>
      </object_component>
      <object_component id="oc-1ef">
         <name>.debug_info</name>
         <load_address>0x92f0</load_address>
         <run_address>0x92f0</run_address>
         <size>0x5cf</size>
         <input_file_ref idref="fl-4e"/>
      </object_component>
      <object_component id="oc-1ec">
         <name>.debug_info</name>
         <load_address>0x98bf</load_address>
         <run_address>0x98bf</run_address>
         <size>0x1a2</size>
         <input_file_ref idref="fl-4f"/>
      </object_component>
      <object_component id="oc-150">
         <name>.debug_info</name>
         <load_address>0x9a61</load_address>
         <run_address>0x9a61</run_address>
         <size>0x2e0</size>
         <input_file_ref idref="fl-4f"/>
      </object_component>
      <object_component id="oc-342">
         <name>.debug_info</name>
         <load_address>0x9d41</load_address>
         <run_address>0x9d41</run_address>
         <size>0x158</size>
         <input_file_ref idref="fl-50"/>
      </object_component>
      <object_component id="oc-332">
         <name>.debug_info</name>
         <load_address>0x9e99</load_address>
         <run_address>0x9e99</run_address>
         <size>0x172</size>
         <input_file_ref idref="fl-51"/>
      </object_component>
      <object_component id="oc-2c9">
         <name>.debug_info</name>
         <load_address>0xa00b</load_address>
         <run_address>0xa00b</run_address>
         <size>0x1f9</size>
         <input_file_ref idref="fl-51"/>
      </object_component>
      <object_component id="oc-181">
         <name>.debug_info</name>
         <load_address>0xa204</load_address>
         <run_address>0xa204</run_address>
         <size>0x18d</size>
         <input_file_ref idref="fl-52"/>
      </object_component>
      <object_component id="oc-345">
         <name>.debug_info</name>
         <load_address>0xa391</load_address>
         <run_address>0xa391</run_address>
         <size>0xfe</size>
         <input_file_ref idref="fl-53"/>
      </object_component>
      <object_component id="oc-257">
         <name>.debug_info</name>
         <load_address>0xa48f</load_address>
         <run_address>0xa48f</run_address>
         <size>0x122</size>
         <input_file_ref idref="fl-54"/>
      </object_component>
      <object_component id="oc-13b">
         <name>.debug_info</name>
         <load_address>0xa5b1</load_address>
         <run_address>0xa5b1</run_address>
         <size>0x181</size>
         <input_file_ref idref="fl-57"/>
      </object_component>
      <object_component id="oc-d0">
         <name>.debug_info</name>
         <load_address>0xa732</load_address>
         <run_address>0xa732</run_address>
         <size>0x17a</size>
         <input_file_ref idref="fl-57"/>
      </object_component>
      <object_component id="oc-2a7">
         <name>.debug_info</name>
         <load_address>0xa8ac</load_address>
         <run_address>0xa8ac</run_address>
         <size>0x124</size>
         <input_file_ref idref="fl-58"/>
      </object_component>
      <object_component id="oc-29d">
         <name>.debug_info</name>
         <load_address>0xa9d0</load_address>
         <run_address>0xa9d0</run_address>
         <size>0x124</size>
         <input_file_ref idref="fl-59"/>
      </object_component>
      <object_component id="oc-2a2">
         <name>.debug_info</name>
         <load_address>0xaaf4</load_address>
         <run_address>0xaaf4</run_address>
         <size>0x172</size>
         <input_file_ref idref="fl-5b"/>
      </object_component>
      <object_component id="oc-1e2">
         <name>.debug_info</name>
         <load_address>0xac66</load_address>
         <run_address>0xac66</run_address>
         <size>0x3ab</size>
         <input_file_ref idref="fl-5b"/>
      </object_component>
      <object_component id="oc-403">
         <name>.debug_info</name>
         <load_address>0xb011</load_address>
         <run_address>0xb011</run_address>
         <size>0xbf</size>
      </object_component>
      <object_component id="oc-205">
         <name>.debug_line</name>
         <load_address>0x0</load_address>
         <run_address>0x0</run_address>
         <size>0xc9</size>
         <input_file_ref idref="fl-2"/>
      </object_component>
      <object_component id="oc-1fd">
         <name>.debug_line</name>
         <load_address>0xc9</load_address>
         <run_address>0xc9</run_address>
         <size>0x2d</size>
         <input_file_ref idref="fl-2"/>
      </object_component>
      <object_component id="oc-233">
         <name>.debug_line</name>
         <load_address>0xf6</load_address>
         <run_address>0xf6</run_address>
         <size>0x47</size>
         <input_file_ref idref="fl-2"/>
      </object_component>
      <object_component id="oc-239">
         <name>.debug_line</name>
         <load_address>0x13d</load_address>
         <run_address>0x13d</run_address>
         <size>0x43</size>
         <input_file_ref idref="fl-2"/>
      </object_component>
      <object_component id="oc-245">
         <name>.debug_line</name>
         <load_address>0x180</load_address>
         <run_address>0x180</run_address>
         <size>0x44</size>
         <input_file_ref idref="fl-2"/>
      </object_component>
      <object_component id="oc-252">
         <name>.debug_line</name>
         <load_address>0x1c4</load_address>
         <run_address>0x1c4</run_address>
         <size>0xa2</size>
         <input_file_ref idref="fl-2"/>
      </object_component>
      <object_component id="oc-1b3">
         <name>.debug_line</name>
         <load_address>0x266</load_address>
         <run_address>0x266</run_address>
         <size>0x65</size>
         <input_file_ref idref="fl-2"/>
      </object_component>
      <object_component id="oc-e5">
         <name>.debug_line</name>
         <load_address>0x2cb</load_address>
         <run_address>0x2cb</run_address>
         <size>0x50</size>
         <input_file_ref idref="fl-2"/>
      </object_component>
      <object_component id="oc-ee">
         <name>.debug_line</name>
         <load_address>0x31b</load_address>
         <run_address>0x31b</run_address>
         <size>0x63</size>
         <input_file_ref idref="fl-2"/>
      </object_component>
      <object_component id="oc-e8">
         <name>.debug_line</name>
         <load_address>0x37e</load_address>
         <run_address>0x37e</run_address>
         <size>0x43</size>
         <input_file_ref idref="fl-2"/>
      </object_component>
      <object_component id="oc-209">
         <name>.debug_line</name>
         <load_address>0x3c1</load_address>
         <run_address>0x3c1</run_address>
         <size>0x6c</size>
         <input_file_ref idref="fl-2"/>
      </object_component>
      <object_component id="oc-cd">
         <name>.debug_line</name>
         <load_address>0x42d</load_address>
         <run_address>0x42d</run_address>
         <size>0x20</size>
         <input_file_ref idref="fl-2"/>
      </object_component>
      <object_component id="oc-2b4">
         <name>.debug_line</name>
         <load_address>0x44d</load_address>
         <run_address>0x44d</run_address>
         <size>0x70</size>
         <input_file_ref idref="fl-2"/>
      </object_component>
      <object_component id="oc-201">
         <name>.debug_line</name>
         <load_address>0x4bd</load_address>
         <run_address>0x4bd</run_address>
         <size>0x6d</size>
         <input_file_ref idref="fl-2"/>
      </object_component>
      <object_component id="oc-337">
         <name>.debug_line</name>
         <load_address>0x52a</load_address>
         <run_address>0x52a</run_address>
         <size>0x55</size>
         <input_file_ref idref="fl-3"/>
      </object_component>
      <object_component id="oc-2dc">
         <name>.debug_line</name>
         <load_address>0x57f</load_address>
         <run_address>0x57f</run_address>
         <size>0x54</size>
         <input_file_ref idref="fl-3"/>
      </object_component>
      <object_component id="oc-24a">
         <name>.debug_line</name>
         <load_address>0x5d3</load_address>
         <run_address>0x5d3</run_address>
         <size>0x5a</size>
         <input_file_ref idref="fl-3"/>
      </object_component>
      <object_component id="oc-2eb">
         <name>.debug_line</name>
         <load_address>0x62d</load_address>
         <run_address>0x62d</run_address>
         <size>0x54</size>
         <input_file_ref idref="fl-3"/>
      </object_component>
      <object_component id="oc-23f">
         <name>.debug_line</name>
         <load_address>0x681</load_address>
         <run_address>0x681</run_address>
         <size>0x58</size>
         <input_file_ref idref="fl-3"/>
      </object_component>
      <object_component id="oc-13f">
         <name>.debug_line</name>
         <load_address>0x6d9</load_address>
         <run_address>0x6d9</run_address>
         <size>0x68</size>
         <input_file_ref idref="fl-3"/>
      </object_component>
      <object_component id="oc-3ad">
         <name>.debug_line</name>
         <load_address>0x741</load_address>
         <run_address>0x741</run_address>
         <size>0x9e</size>
         <input_file_ref idref="fl-1e"/>
      </object_component>
      <object_component id="oc-394">
         <name>.debug_line</name>
         <load_address>0x7df</load_address>
         <run_address>0x7df</run_address>
         <size>0x2b</size>
         <input_file_ref idref="fl-1e"/>
      </object_component>
      <object_component id="oc-396">
         <name>.debug_line</name>
         <load_address>0x80a</load_address>
         <run_address>0x80a</run_address>
         <size>0x2b</size>
         <input_file_ref idref="fl-1e"/>
      </object_component>
      <object_component id="oc-398">
         <name>.debug_line</name>
         <load_address>0x835</load_address>
         <run_address>0x835</run_address>
         <size>0x2b</size>
         <input_file_ref idref="fl-1e"/>
      </object_component>
      <object_component id="oc-2e2">
         <name>.debug_line</name>
         <load_address>0x860</load_address>
         <run_address>0x860</run_address>
         <size>0x217</size>
         <input_file_ref idref="fl-1e"/>
      </object_component>
      <object_component id="oc-3aa">
         <name>.debug_line</name>
         <load_address>0xa77</load_address>
         <run_address>0xa77</run_address>
         <size>0x9d</size>
         <input_file_ref idref="fl-1e"/>
      </object_component>
      <object_component id="oc-360">
         <name>.debug_line</name>
         <load_address>0xb14</load_address>
         <run_address>0xb14</run_address>
         <size>0x9a</size>
         <input_file_ref idref="fl-1e"/>
      </object_component>
      <object_component id="oc-3bb">
         <name>.debug_line</name>
         <load_address>0xbae</load_address>
         <run_address>0xbae</run_address>
         <size>0x94</size>
         <input_file_ref idref="fl-1f"/>
      </object_component>
      <object_component id="oc-33c">
         <name>.debug_line</name>
         <load_address>0xc42</load_address>
         <run_address>0xc42</run_address>
         <size>0x10f</size>
         <input_file_ref idref="fl-1f"/>
      </object_component>
      <object_component id="oc-3be">
         <name>.debug_line</name>
         <load_address>0xd51</load_address>
         <run_address>0xd51</run_address>
         <size>0x9e</size>
         <input_file_ref idref="fl-20"/>
      </object_component>
      <object_component id="oc-35a">
         <name>.debug_line</name>
         <load_address>0xdef</load_address>
         <run_address>0xdef</run_address>
         <size>0x72</size>
         <input_file_ref idref="fl-20"/>
      </object_component>
      <object_component id="oc-3a5">
         <name>.debug_line</name>
         <load_address>0xe61</load_address>
         <run_address>0xe61</run_address>
         <size>0x9a</size>
         <input_file_ref idref="fl-20"/>
      </object_component>
      <object_component id="oc-39e">
         <name>.debug_line</name>
         <load_address>0xefb</load_address>
         <run_address>0xefb</run_address>
         <size>0x42</size>
         <input_file_ref idref="fl-21"/>
      </object_component>
      <object_component id="oc-1df">
         <name>.debug_line</name>
         <load_address>0xf3d</load_address>
         <run_address>0xf3d</run_address>
         <size>0x4e</size>
         <input_file_ref idref="fl-22"/>
      </object_component>
      <object_component id="oc-2c3">
         <name>.debug_line</name>
         <load_address>0xf8b</load_address>
         <run_address>0xf8b</run_address>
         <size>0x3e</size>
         <input_file_ref idref="fl-23"/>
      </object_component>
      <object_component id="oc-223">
         <name>.debug_line</name>
         <load_address>0xfc9</load_address>
         <run_address>0xfc9</run_address>
         <size>0x56</size>
         <input_file_ref idref="fl-23"/>
      </object_component>
      <object_component id="oc-c3">
         <name>.debug_line</name>
         <load_address>0x101f</load_address>
         <run_address>0x101f</run_address>
         <size>0x40</size>
         <input_file_ref idref="fl-24"/>
      </object_component>
      <object_component id="oc-191">
         <name>.debug_line</name>
         <load_address>0x105f</load_address>
         <run_address>0x105f</run_address>
         <size>0xbb</size>
         <input_file_ref idref="fl-25"/>
      </object_component>
      <object_component id="oc-19c">
         <name>.debug_line</name>
         <load_address>0x111a</load_address>
         <run_address>0x111a</run_address>
         <size>0x5e</size>
         <input_file_ref idref="fl-26"/>
      </object_component>
      <object_component id="oc-18c">
         <name>.debug_line</name>
         <load_address>0x1178</load_address>
         <run_address>0x1178</run_address>
         <size>0x83</size>
         <input_file_ref idref="fl-27"/>
      </object_component>
      <object_component id="oc-18a">
         <name>.debug_line</name>
         <load_address>0x11fb</load_address>
         <run_address>0x11fb</run_address>
         <size>0x94</size>
         <input_file_ref idref="fl-28"/>
      </object_component>
      <object_component id="oc-168">
         <name>.debug_line</name>
         <load_address>0x128f</load_address>
         <run_address>0x128f</run_address>
         <size>0x68</size>
         <input_file_ref idref="fl-29"/>
      </object_component>
      <object_component id="oc-173">
         <name>.debug_line</name>
         <load_address>0x12f7</load_address>
         <run_address>0x12f7</run_address>
         <size>0x5a</size>
         <input_file_ref idref="fl-2a"/>
      </object_component>
      <object_component id="oc-e0">
         <name>.debug_line</name>
         <load_address>0x1351</load_address>
         <run_address>0x1351</run_address>
         <size>0x3d</size>
         <input_file_ref idref="fl-35"/>
      </object_component>
      <object_component id="oc-b9">
         <name>.debug_line</name>
         <load_address>0x138e</load_address>
         <run_address>0x138e</run_address>
         <size>0x4e</size>
         <input_file_ref idref="fl-36"/>
      </object_component>
      <object_component id="oc-2b9">
         <name>.debug_line</name>
         <load_address>0x13dc</load_address>
         <run_address>0x13dc</run_address>
         <size>0x3e</size>
         <input_file_ref idref="fl-37"/>
      </object_component>
      <object_component id="oc-1f9">
         <name>.debug_line</name>
         <load_address>0x141a</load_address>
         <run_address>0x141a</run_address>
         <size>0x56</size>
         <input_file_ref idref="fl-37"/>
      </object_component>
      <object_component id="oc-be">
         <name>.debug_line</name>
         <load_address>0x1470</load_address>
         <run_address>0x1470</run_address>
         <size>0x5e</size>
         <input_file_ref idref="fl-38"/>
      </object_component>
      <object_component id="oc-2be">
         <name>.debug_line</name>
         <load_address>0x14ce</load_address>
         <run_address>0x14ce</run_address>
         <size>0x42</size>
         <input_file_ref idref="fl-39"/>
      </object_component>
      <object_component id="oc-295">
         <name>.debug_line</name>
         <load_address>0x1510</load_address>
         <run_address>0x1510</run_address>
         <size>0x65</size>
         <input_file_ref idref="fl-39"/>
      </object_component>
      <object_component id="oc-130">
         <name>.debug_line</name>
         <load_address>0x1575</load_address>
         <run_address>0x1575</run_address>
         <size>0x2a</size>
         <input_file_ref idref="fl-3a"/>
      </object_component>
      <object_component id="oc-109">
         <name>.debug_line</name>
         <load_address>0x159f</load_address>
         <run_address>0x159f</run_address>
         <size>0x46</size>
         <input_file_ref idref="fl-3a"/>
      </object_component>
      <object_component id="oc-37a">
         <name>.debug_line</name>
         <load_address>0x15e5</load_address>
         <run_address>0x15e5</run_address>
         <size>0xc2</size>
         <input_file_ref idref="fl-3b"/>
      </object_component>
      <object_component id="oc-262">
         <name>.debug_line</name>
         <load_address>0x16a7</load_address>
         <run_address>0x16a7</run_address>
         <size>0x76</size>
         <input_file_ref idref="fl-3b"/>
      </object_component>
      <object_component id="oc-37e">
         <name>.debug_line</name>
         <load_address>0x171d</load_address>
         <run_address>0x171d</run_address>
         <size>0x2e</size>
         <input_file_ref idref="fl-3b"/>
      </object_component>
      <object_component id="oc-38a">
         <name>.debug_line</name>
         <load_address>0x174b</load_address>
         <run_address>0x174b</run_address>
         <size>0x9d</size>
         <input_file_ref idref="fl-3b"/>
      </object_component>
      <object_component id="oc-317">
         <name>.debug_line</name>
[...]
      </symbol>
      <symbol id="sm-27a">
         <name>__mspabi_sral_2</name>
         <value>0xf44a</value>
         <object_component_ref idref="oc-21f"/>
      </symbol>
      <symbol id="sm-27b">
         <name>__mspabi_sral_3</name>
         <value>0xf446</value>
         <object_component_ref idref="oc-21f"/>
      </symbol>
      <symbol id="sm-27c">
         <name>__mspabi_sral_1</name>
         <value>0xf44e</value>
         <object_component_ref idref="oc-21f"/>
      </symbol>
      <symbol id="sm-285">
         <name>__mspabi_func_epilog_2</name>
         <value>0xf6ec</value>
         <object_component_ref idref="oc-bf"/>
      </symbol>
      <symbol id="sm-286">
         <name>__mspabi_func_epilog_3</name>
         <value>0xf6ea</value>
         <object_component_ref idref="oc-bf"/>
      </symbol>
      <symbol id="sm-287">
         <name>__mspabi_func_epilog_1</name>
         <value>0xf6ee</value>
         <object_component_ref idref="oc-bf"/>
      </symbol>
      <symbol id="sm-288">
         <name>__mspabi_func_epilog_6</name>
         <value>0xf6e4</value>
         <object_component_ref idref="oc-bf"/>
      </symbol>
      <symbol id="sm-289">
         <name>__mspabi_func_epilog_7</name>
         <value>0xf6e2</value>
         <object_component_ref idref="oc-bf"/>
      </symbol>
      <symbol id="sm-28a">
         <name>__mspabi_func_epilog_4</name>
         <value>0xf6e8</value>
         <object_component_ref idref="oc-bf"/>
      </symbol>
      <symbol id="sm-28b">
         <name>__mspabi_func_epilog_5</name>
         <value>0xf6e6</value>
         <object_component_ref idref="oc-bf"/>
      </symbol>
      <symbol id="sm-2a6">
         <name>__mspabi_subf</name>
         <value>0xea60</value>
         <object_component_ref idref="oc-190"/>
      </symbol>
      <symbol id="sm-2a7">
         <name>__mspabi_addf</name>
         <value>0xea66</value>
         <object_component_ref idref="oc-190"/>
      </symbol>
      <symbol id="sm-2b7">
         <name>__mspabi_cmpf</name>
         <value>0xf344</value>
         <object_component_ref idref="oc-19b"/>
      </symbol>
      <symbol id="sm-2c9">
         <name>__mspabi_divf</name>
         <value>0xef3a</value>
         <object_component_ref idref="oc-18b"/>
      </symbol>
      <symbol id="sm-2e0">
         <name>__mspabi_mpyf</name>
         <value>0xec6e</value>
         <object_component_ref idref="oc-186"/>
      </symbol>
      <symbol id="sm-2f2">
         <name>__mspabi_fixfi</name>
         <value>0xf1da</value>
         <object_component_ref idref="oc-164"/>
      </symbol>
      <symbol id="sm-301">
         <name>__mspabi_fixfu</name>
         <value>0xf38e</value>
         <object_component_ref idref="oc-16f"/>
      </symbol>
      <symbol id="sm-304">
         <name>__TI_int00</name>
         <value>0xffe0</value>
         <object_component_ref idref="oc-40"/>
      </symbol>
      <symbol id="sm-307">
         <name>__TI_int02</name>
         <value>0xffe4</value>
         <object_component_ref idref="oc-41"/>
      </symbol>
      <symbol id="sm-30a">
         <name>__TI_int03</name>
         <value>0xffe6</value>
         <object_component_ref idref="oc-42"/>
      </symbol>
      <symbol id="sm-30d">
         <name>__TI_int06</name>
         <value>0xffec</value>
         <object_component_ref idref="oc-44"/>
      </symbol>
      <symbol id="sm-310">
         <name>__TI_int08</name>
         <value>0xfff0</value>
         <object_component_ref idref="oc-46"/>
      </symbol>
      <symbol id="sm-313">
         <name>__TI_int09</name>
         <value>0xfff2</value>
         <object_component_ref idref="oc-47"/>
      </symbol>
      <symbol id="sm-316">
         <name>__TI_int10</name>
         <value>0xfff4</value>
         <object_component_ref idref="oc-48"/>
      </symbol>
      <symbol id="sm-319">
         <name>__TI_int11</name>
         <value>0xfff6</value>
         <object_component_ref idref="oc-49"/>
      </symbol>
      <symbol id="sm-31c">
         <name>__TI_int13</name>
         <value>0xfffa</value>
         <object_component_ref idref="oc-4b"/>
      </symbol>
      <symbol id="sm-31f">
         <name>__TI_int14</name>
         <value>0xfffc</value>
         <object_component_ref idref="oc-4c"/>
      </symbol>
      <symbol id="sm-327">
         <name>__TI_ISR_TRAP</name>
         <value>0xf716</value>
         <object_component_ref idref="oc-dc"/>
      </symbol>
      <symbol id="sm-32f">
         <name>__mspabi_slli</name>
         <value>0xf548</value>
         <object_component_ref idref="oc-b5"/>
      </symbol>
      <symbol id="sm-330">
         <name>__mspabi_slli_9</name>
         <value>0xf560</value>
         <object_component_ref idref="oc-b5"/>
      </symbol>
      <symbol id="sm-331">
         <name>__mspabi_slli_8</name>
         <value>0xf562</value>
         <object_component_ref idref="oc-b5"/>
      </symbol>
      <symbol id="sm-332">
         <name>__mspabi_slli_7</name>
         <value>0xf564</value>
         <object_component_ref idref="oc-b5"/>
      </symbol>
      <symbol id="sm-333">
         <name>__mspabi_slli_6</name>
         <value>0xf566</value>
         <object_component_ref idref="oc-b5"/>
      </symbol>
      <symbol id="sm-334">
         <name>__mspabi_slli_5</name>
         <value>0xf568</value>
         <object_component_ref idref="oc-b5"/>
      </symbol>
      <symbol id="sm-335">
         <name>__mspabi_slli_4</name>
         <value>0xf56a</value>
         <object_component_ref idref="oc-b5"/>
      </symbol>
      <symbol id="sm-336">
         <name>__mspabi_slli_3</name>
         <value>0xf56c</value>
         <object_component_ref idref="oc-b5"/>
      </symbol>
      <symbol id="sm-337">
         <name>__mspabi_slli_2</name>
         <value>0xf56e</value>
         <object_component_ref idref="oc-b5"/>
      </symbol>
      <symbol id="sm-338">
         <name>__mspabi_slli_1</name>
         <value>0xf570</value>
         <object_component_ref idref="oc-b5"/>
      </symbol>
      <symbol id="sm-339">
         <name>__mspabi_slli_15</name>
         <value>0xf554</value>
         <object_component_ref idref="oc-b5"/>
      </symbol>
      <symbol id="sm-33a">
         <name>__mspabi_slli_14</name>
         <value>0xf556</value>
         <object_component_ref idref="oc-b5"/>
      </symbol>
      <symbol id="sm-33b">
         <name>__mspabi_slli_13</name>
         <value>0xf558</value>
         <object_component_ref idref="oc-b5"/>
      </symbol>
      <symbol id="sm-33c">
         <name>__mspabi_slli_12</name>
         <value>0xf55a</value>
         <object_component_ref idref="oc-b5"/>
      </symbol>
      <symbol id="sm-33d">
         <name>__mspabi_slli_11</name>
         <value>0xf55c</value>
         <object_component_ref idref="oc-b5"/>
      </symbol>
      <symbol id="sm-33e">
         <name>__mspabi_slli_10</name>
         <value>0xf55e</value>
         <object_component_ref idref="oc-b5"/>
      </symbol>
      <symbol id="sm-34e">
         <name>__mspabi_slll_9</name>
         <value>0xf46c</value>
         <object_component_ref idref="oc-1f5"/>
      </symbol>
      <symbol id="sm-34f">
         <name>__mspabi_slll_8</name>
         <value>0xf470</value>
         <object_component_ref idref="oc-1f5"/>
      </symbol>
      <symbol id="sm-350">
         <name>__mspabi_slll_7</name>
         <value>0xf474</value>
         <object_component_ref idref="oc-1f5"/>
      </symbol>
      <symbol id="sm-351">
         <name>__mspabi_slll_6</name>
         <value>0xf478</value>
         <object_component_ref idref="oc-1f5"/>
      </symbol>
      <symbol id="sm-352">
         <name>__mspabi_slll_5</name>
         <value>0xf47c</value>
         <object_component_ref idref="oc-1f5"/>
      </symbol>
      <symbol id="sm-353">
         <name>__mspabi_slll_4</name>
         <value>0xf480</value>
         <object_component_ref idref="oc-1f5"/>
      </symbol>
      <symbol id="sm-354">
         <name>__mspabi_slll_3</name>
         <value>0xf484</value>
         <object_component_ref idref="oc-1f5"/>
      </symbol>
      <symbol id="sm-355">
         <name>__mspabi_slll_2</name>
         <value>0xf488</value>
         <object_component_ref idref="oc-1f5"/>
      </symbol>
      <symbol id="sm-356">
         <name>__mspabi_slll_1</name>
         <value>0xf48c</value>
         <object_component_ref idref="oc-1f5"/>
      </symbol>
      <symbol id="sm-357">
         <name>__mspabi_slll</name>
         <value>0xf6d2</value>
         <object_component_ref idref="oc-2b8"/>
      </symbol>
      <symbol id="sm-358">
         <name>__mspabi_slll_15</name>
         <value>0xf454</value>
         <object_component_ref idref="oc-1f5"/>
      </symbol>
      <symbol id="sm-359">
         <name>__mspabi_slll_14</name>
         <value>0xf458</value>
         <object_component_ref idref="oc-1f5"/>
      </symbol>
      <symbol id="sm-35a">
         <name>__mspabi_slll_13</name>
         <value>0xf45c</value>
         <object_component_ref idref="oc-1f5"/>
      </symbol>
      <symbol id="sm-35b">
         <name>__mspabi_slll_12</name>
         <value>0xf460</value>
         <object_component_ref idref="oc-1f5"/>
      </symbol>
      <symbol id="sm-35c">
         <name>__mspabi_slll_11</name>
         <value>0xf464</value>
         <object_component_ref idref="oc-1f5"/>
      </symbol>
      <symbol id="sm-35d">
         <name>__mspabi_slll_10</name>
         <value>0xf468</value>
         <object_component_ref idref="oc-1f5"/>
      </symbol>
      <symbol id="sm-365">
         <name>__mspabi_srli_8</name>
         <value>0xf322</value>
         <object_component_ref idref="oc-ba"/>
      </symbol>
      <symbol id="sm-366">
         <name>__mspabi_srli_9</name>
         <value>0xf31e</value>
         <object_component_ref idref="oc-ba"/>
      </symbol>
      <symbol id="sm-367">
         <name>__mspabi_srli_6</name>
         <value>0xf32a</value>
         <object_component_ref idref="oc-ba"/>
      </symbol>
      <symbol id="sm-368">
         <name>__mspabi_srli_7</name>
         <value>0xf326</value>
         <object_component_ref idref="oc-ba"/>
      </symbol>
      <symbol id="sm-369">
         <name>__mspabi_srli_4</name>
         <value>0xf332</value>
         <object_component_ref idref="oc-ba"/>
      </symbol>
      <symbol id="sm-36a">
         <name>__mspabi_srli_5</name>
         <value>0xf32e</value>
         <object_component_ref idref="oc-ba"/>
      </symbol>
      <symbol id="sm-36b">
         <name>__mspabi_srli_2</name>
         <value>0xf33a</value>
         <object_component_ref idref="oc-ba"/>
      </symbol>
      <symbol id="sm-36c">
         <name>__mspabi_srli_3</name>
         <value>0xf336</value>
         <object_component_ref idref="oc-ba"/>
      </symbol>
      <symbol id="sm-36d">
         <name>__mspabi_srli_1</name>
         <value>0xf33e</value>
         <object_component_ref idref="oc-ba"/>
      </symbol>
      <symbol id="sm-36e">
         <name>__mspabi_srli</name>
         <value>0xf2f8</value>
         <object_component_ref idref="oc-ba"/>
      </symbol>
      <symbol id="sm-36f">
         <name>__mspabi_srli_15</name>
         <value>0xf306</value>
         <object_component_ref idref="oc-ba"/>
      </symbol>
      <symbol id="sm-370">
         <name>__mspabi_srli_14</name>
         <value>0xf30a</value>
         <object_component_ref idref="oc-ba"/>
      </symbol>
      <symbol id="sm-371">
         <name>__mspabi_srli_13</name>
         <value>0xf30e</value>
         <object_component_ref idref="oc-ba"/>
      </symbol>
      <symbol id="sm-372">
         <name>__mspabi_srli_12</name>
         <value>0xf312</value>
         <object_component_ref idref="oc-ba"/>
      </symbol>
      <symbol id="sm-373">
         <name>__mspabi_srli_11</name>
         <value>0xf316</value>
         <object_component_ref idref="oc-ba"/>
      </symbol>
      <symbol id="sm-374">
         <name>__mspabi_srli_10</name>
         <value>0xf31a</value>
         <object_component_ref idref="oc-ba"/>
      </symbol>
      <symbol id="sm-384">
         <name>__mspabi_srll_8</name>
         <value>0xf26c</value>
         <object_component_ref idref="oc-294"/>
      </symbol>
      <symbol id="sm-385">
         <name>__mspabi_srll_9</name>
         <value>0xf266</value>
         <object_component_ref idref="oc-294"/>
      </symbol>
      <symbol id="sm-386">
         <name>__mspabi_srll_6</name>
         <value>0xf278</value>
         <object_component_ref idref="oc-294"/>
      </symbol>
      <symbol id="sm-387">
         <name>__mspabi_srll_7</name>
         <value>0xf272</value>
         <object_component_ref idref="oc-294"/>
      </symbol>
      <symbol id="sm-388">
         <name>__mspabi_srll_4</name>
         <value>0xf284</value>
         <object_component_ref idref="oc-294"/>
      </symbol>
      <symbol id="sm-389">
         <name>__mspabi_srll_5</name>
         <value>0xf27e</value>
         <object_component_ref idref="oc-294"/>
      </symbol>
      <symbol id="sm-38a">
         <name>__mspabi_srll_2</name>
         <value>0xf290</value>
         <object_component_ref idref="oc-294"/>
      </symbol>
      <symbol id="sm-38b">
         <name>__mspabi_srll_3</name>
         <value>0xf28a</value>
         <object_component_ref idref="oc-294"/>
      </symbol>
      <symbol id="sm-38c">
         <name>__mspabi_srll_1</name>
         <value>0xf296</value>
         <object_component_ref idref="oc-294"/>
      </symbol>
      <symbol id="sm-38d">
         <name>__mspabi_srll_15</name>
         <value>0xf242</value>
         <object_component_ref idref="oc-294"/>
      </symbol>
      <symbol id="sm-38e">
         <name>__mspabi_srll_14</name>
         <value>0xf248</value>
         <object_component_ref idref="oc-294"/>
      </symbol>
      <symbol id="sm-38f">
         <name>__mspabi_srll_13</name>
         <value>0xf24e</value>
         <object_component_ref idref="oc-294"/>
      </symbol>
      <symbol id="sm-390">
         <name>__mspabi_srll_12</name>
         <value>0xf254</value>
         <object_component_ref idref="oc-294"/>
      </symbol>
      <symbol id="sm-391">
         <name>__mspabi_srll_11</name>
         <value>0xf25a</value>
         <object_component_ref idref="oc-294"/>
      </symbol>
      <symbol id="sm-392">
         <name>__mspabi_srll_10</name>
         <value>0xf260</value>
         <object_component_ref idref="oc-294"/>
      </symbol>
      <symbol id="sm-393">
         <name>__mspabi_srll</name>
         <value>0xf69e</value>
         <object_component_ref idref="oc-2bd"/>
      </symbol>
      <symbol id="sm-3a3">
         <name>_stack</name>
         <value>0x3b0</value>
         <object_component_ref idref="oc-b1"/>
      </symbol>
      <symbol id="sm-3a4">
         <name>_c_int00_noargs</name>
         <value>0xf608</value>
         <object_component_ref idref="oc-105"/>
      </symbol>
      <symbol id="sm-3a5">
         <name>_reset_vector</name>
         <value>0xfffe</value>
         <object_component_ref idref="oc-b4"/>
      </symbol>
      <symbol id="sm-3c7">
         <name>__TI_auto_init_nobinit_nopinit</name>
         <value>0xf3d4</value>
         <object_component_ref idref="oc-261"/>
      </symbol>
      <symbol id="sm-3da">
         <name>__TI_zero_init_nomemset</name>
         <value>0xf652</value>
         <object_component_ref idref="oc-f3"/>
      </symbol>
      <symbol id="sm-3e6">
         <name>_system_pre_init</name>
         <value>0xf72a</value>
         <object_component_ref idref="oc-1a9"/>
      </symbol>
      <symbol id="sm-3ef">
         <name>_system_post_cinit</name>
         <value>0xf72e</value>
         <object_component_ref idref="oc-302"/>
      </symbol>
      <symbol id="sm-405">
         <name>__TI_decompress_none</name>
         <value>0xf68c</value>
         <object_component_ref idref="oc-3a"/>
      </symbol>
      <symbol id="sm-428">
         <name>__TI_decompress_lzss</name>
         <value>0xf0ec</value>
         <object_component_ref idref="oc-34"/>
      </symbol>
      <symbol id="sm-440">
         <name>__mspabi_cvtdf</name>
         <value>0xefd6</value>
         <object_component_ref idref="oc-15b"/>
      </symbol>
      <symbol id="sm-467">
         <name>__mspabi_addd</name>
         <value>0xd5da</value>
         <object_component_ref idref="oc-17a"/>
      </symbol>
      <symbol id="sm-481">
         <name>__mspabi_cmpd</name>
         <value>0xeb92</value>
         <object_component_ref idref="oc-350"/>
      </symbol>
      <symbol id="sm-492">
         <name>__mspabi_cvtfd</name>
         <value>0xf168</value>
         <object_component_ref idref="oc-195"/>
      </symbol>
      <symbol id="sm-4b3">
         <name>__mspabi_divd</name>
         <value>0xe320</value>
         <object_component_ref idref="oc-155"/>
      </symbol>
      <symbol id="sm-4bc">
         <name>__mspabi_fltid</name>
         <value>0xf70a</value>
         <object_component_ref idref="oc-174"/>
      </symbol>
      <symbol id="sm-4d3">
         <name>__mspabi_fltlid</name>
         <value>0xedf0</value>
         <object_component_ref idref="oc-20c"/>
      </symbol>
      <symbol id="sm-4dc">
         <name>__mspabi_fltud</name>
         <value>0xf71e</value>
         <object_component_ref idref="oc-149"/>
      </symbol>
      <symbol id="sm-4f1">
         <name>__mspabi_fltuld</name>
         <value>0xf062</value>
         <object_component_ref idref="oc-1d4"/>
      </symbol>
      <symbol id="sm-512">
         <name>__TI_frcaddd</name>
         <value>0xe0c0</value>
         <object_component_ref idref="oc-213"/>
      </symbol>
      <symbol id="sm-52d">
         <name>__TI_frcdivd</name>
         <value>0xd162</value>
         <object_component_ref idref="oc-1ed"/>
      </symbol>
      <symbol id="sm-54f">
         <name>__mspabi_mpyd</name>
         <value>0xde52</value>
         <object_component_ref idref="oc-14f"/>
      </symbol>
      <symbol id="sm-558">
         <name>__mspabi_negd</name>
         <value>0xf574</value>
         <object_component_ref idref="oc-33e"/>
      </symbol>
      <symbol id="sm-56b">
         <name>__TI_renormd</name>
         <value>0xed32</value>
         <object_component_ref idref="oc-2c7"/>
      </symbol>
      <symbol id="sm-574">
         <name>__mspabi_subd</name>
         <value>0xf4c0</value>
         <object_component_ref idref="oc-180"/>
      </symbol>
      <symbol id="sm-57b">
         <name>errno</name>
         <value>0x228</value>
         <object_component_ref idref="oc-344"/>
      </symbol>
      <symbol id="sm-585">
         <name>C$$EXIT</name>
         <value>0xf724</value>
         <object_component_ref idref="oc-255"/>
      </symbol>
      <symbol id="sm-586">
         <name>abort</name>
         <value>0xf724</value>
         <object_component_ref idref="oc-255"/>
      </symbol>
      <symbol id="sm-596">
         <name>memcpy</name>
         <value>0xf6b0</value>
         <object_component_ref idref="oc-cf"/>
      </symbol>
      <symbol id="sm-5a0">
         <name>__mspabi_mpyi_sw</name>
         <value>0xf666</value>
         <object_component_ref idref="oc-2a5"/>
      </symbol>
      <symbol id="sm-5a1">
         <name>__mspabi_mpyi</name>
         <value>0xf666</value>
         <object_component_ref idref="oc-2a5"/>
      </symbol>
      <symbol id="sm-5ab">
         <name>__mspabi_mpyl_sw</name>
         <value>0xf5c4</value>
         <object_component_ref idref="oc-29c"/>
      </symbol>
      <symbol id="sm-5ac">
         <name>__mspabi_mpyl</name>
         <value>0xf5c4</value>
         <object_component_ref idref="oc-29c"/>
      </symbol>
      <symbol id="sm-5bd">
         <name>__TI_frcmpyd</name>
         <value>0xdbcc</value>
         <object_component_ref idref="oc-1e0"/>
      </symbol>
   </symbol_table>
   <title>Link successful</title>
</link_info>
